Component: ARM Compiler 6.16 Tool: armlink [5dfeaa00]

==============================================================================

Section Cross References

    main.o(.text.vApplicationGetIdleTaskMemory) refers to main.o(.bss.vApplicationGetIdleTaskMemory.xIdleTaskTCB) for vApplicationGetIdleTaskMemory.xIdleTaskTCB
    main.o(.text.vApplicationGetIdleTaskMemory) refers to main.o(.bss.vApplicationGetIdleTaskMemory.uxIdleTaskStack) for vApplicationGetIdleTaskMemory.uxIdleTaskStack
    main.o(.ARM.exidx.text.vApplicationGetIdleTaskMemory) refers to main.o(.text.vApplicationGetIdleTaskMemory) for [Anonymous Symbol]
    main.o(.text.vApplicationGetTimerTaskMemory) refers to main.o(.bss.vApplicationGetTimerTaskMemory.xTimerTaskTCB) for vApplicationGetTimerTaskMemory.xTimerTaskTCB
    main.o(.text.vApplicationGetTimerTaskMemory) refers to main.o(.bss.vApplicationGetTimerTaskMemory.uxTimerTaskStack) for vApplicationGetTimerTaskMemory.uxTimerTaskStack
    main.o(.ARM.exidx.text.vApplicationGetTimerTaskMemory) refers to main.o(.text.vApplicationGetTimerTaskMemory) for [Anonymous Symbol]
    main.o(.ARM.exidx.text.outChar) refers to main.o(.text.outChar) for [Anonymous Symbol]
    main.o(.text.prntStr) refers to main.o(.text.outChar) for outChar
    main.o(.ARM.exidx.text.prntStr) refers to main.o(.text.prntStr) for [Anonymous Symbol]
    main.o(.ARM.exidx.text.readChar) refers to main.o(.text.readChar) for [Anonymous Symbol]
    main.o(.text.read2DigitInteger) refers to main.o(.text.readChar) for readChar
    main.o(.text.read2DigitInteger) refers to main.o(.text.outChar) for outChar
    main.o(.ARM.exidx.text.read2DigitInteger) refers to main.o(.text.read2DigitInteger) for [Anonymous Symbol]
    main.o(.ARM.exidx.text.init) refers to main.o(.text.init) for [Anonymous Symbol]
    main.o(.text.GPIOF_Handler) refers to main.o(.bss.xBinarySemaphoreActivate_ChangeCriticalHeat) for xBinarySemaphoreActivate_ChangeCriticalHeat
    main.o(.text.GPIOF_Handler) refers to queue.o(.text.xQueueGiveFromISR) for xQueueGiveFromISR
    main.o(.ARM.exidx.text.GPIOF_Handler) refers to main.o(.text.GPIOF_Handler) for [Anonymous Symbol]
    main.o(.text.main) refers to dio.o(.text.DIO_Init) for DIO_Init
    main.o(.text.main) refers to main.o(.text.init) for init
    main.o(.text.main) refers to lcd.o(.text.LCD_Init) for LCD_Init
    main.o(.text.main) refers to lcd.o(.text.LCD_Clear) for LCD_Clear
    main.o(.text.main) refers to adc.o(.text.ADC0_init) for ADC0_init
    main.o(.text.main) refers to main.o(.bss.xTaskBuffer5) for xTaskBuffer5
    main.o(.text.main) refers to main.o(.bss.Stack5) for Stack5
    main.o(.text.main) refers to main.o(.text.Change_Critical_Heat) for Change_Critical_Heat
    main.o(.text.main) refers to main.o(.rodata.str1.1) for .L.str
    main.o(.text.main) refers to tasks.o(.text.xTaskCreateStatic) for xTaskCreateStatic
    main.o(.text.main) refers to main.o(.bss.xTaskBuffer3) for xTaskBuffer3
    main.o(.text.main) refers to main.o(.bss.Stack3) for Stack3
    main.o(.text.main) refers to main.o(.text.TurnOff_Heater) for TurnOff_Heater
    main.o(.text.main) refers to main.o(.bss.xTaskBuffer4) for xTaskBuffer4
    main.o(.text.main) refers to main.o(.bss.Stack4) for Stack4
    main.o(.text.main) refers to main.o(.text.TurnOn_Heater) for TurnOn_Heater
    main.o(.text.main) refers to main.o(.bss.xTaskBuffer1) for xTaskBuffer1
    main.o(.text.main) refers to main.o(.bss.Stack1) for Stack1
    main.o(.text.main) refers to main.o(.text.Check_Temp) for Check_Temp
    main.o(.text.main) refers to main.o(.bss.xTaskBuffer2) for xTaskBuffer2
    main.o(.text.main) refers to main.o(.bss.Stack2) for Stack2
    main.o(.text.main) refers to main.o(.text.Display_Temp) for Display_Temp
    main.o(.text.main) refers to queue.o(.text.xQueueGenericCreate) for xQueueGenericCreate
    main.o(.text.main) refers to main.o(.bss.xBinarySemaphoreActivate_ChangeCriticalHeat) for xBinarySemaphoreActivate_ChangeCriticalHeat
    main.o(.text.main) refers to queue.o(.text.xQueueGenericSend) for xQueueGenericSend
    main.o(.text.main) refers to main.o(.bss.xBinarySemaphoreActivate_TurnOffHeater) for xBinarySemaphoreActivate_TurnOffHeater
    main.o(.text.main) refers to main.o(.bss.xBinarySemaphoreActivate_TurnOnHeater) for xBinarySemaphoreActivate_TurnOnHeater
    main.o(.text.main) refers to main.o(.bss.xBinarySemaphoreActivate_DisplayTemp) for xBinarySemaphoreActivate_DisplayTemp
    main.o(.text.main) refers to tasks.o(.text.vTaskStartScheduler) for vTaskStartScheduler
    main.o(.ARM.exidx.text.main) refers to main.o(.text.main) for [Anonymous Symbol]
    main.o(.text.Change_Critical_Heat) refers to main.o(.bss.xBinarySemaphoreActivate_ChangeCriticalHeat) for xBinarySemaphoreActivate_ChangeCriticalHeat
    main.o(.text.Change_Critical_Heat) refers to queue.o(.text.xQueueSemaphoreTake) for xQueueSemaphoreTake
    main.o(.text.Change_Critical_Heat) refers to main.o(.rodata.str1.1) for .L.str.5
[...]
    [Anonymous Symbol]                       0x00001ae0   Section        0  main.o(.text.GPIOF_Handler)
    [Anonymous Symbol]                       0x00001b30   Section        0  lcd.o(.text.LCD_Blink)
    [Anonymous Symbol]                       0x00001b74   Section        0  lcd.o(.text.LCD_Clear)
    [Anonymous Symbol]                       0x00001b98   Section        0  lcd.o(.text.LCD_Delay)
    [Anonymous Symbol]                       0x00001ba4   Section        0  lcd.o(.text.LCD_Handle_Cursor)
    [Anonymous Symbol]                       0x00001bec   Section        0  lcd.o(.text.LCD_Init)
    [Anonymous Symbol]                       0x00001cbc   Section        0  lcd.o(.text.LCD_Set_Cursor_Position)
    [Anonymous Symbol]                       0x00001d50   Section        0  lcd.o(.text.LCD_Write_ADC_Value_of_Half)
    [Anonymous Symbol]                       0x00001da0   Section        0  lcd.o(.text.LCD_Write_Char)
    [Anonymous Symbol]                       0x00001df0   Section        0  lcd.o(.text.LCD_Write_Command)
    [Anonymous Symbol]                       0x00001e3c   Section        0  lcd.o(.text.LCD_Write_Integer)
    [Anonymous Symbol]                       0x00001ed0   Section        0  lcd.o(.text.LCD_Write_String)
    [Anonymous Symbol]                       0x00001f10   Section        0  port.o(.text.PendSV_Handler)
    pxCurrentTCBConst                        0x00001f70   Number         0  port.o(.text.PendSV_Handler)
    [Anonymous Symbol]                       0x00001f80   Section        0  port.o(.text.SVC_Handler)
    pxCurrentTCBConst2                       0x00001fa0   Number         0  port.o(.text.SVC_Handler)
    [Anonymous Symbol]                       0x00001fa4   Section        0  port.o(.text.SysTick_Handler)
    [Anonymous Symbol]                       0x00001fe0   Section        0  system_tm4c123.o(.text.SystemInit)
    TurnOff_Heater                           0x00001ff5   Thumb Code    44  main.o(.text.TurnOff_Heater)
    [Anonymous Symbol]                       0x00001ff4   Section        0  main.o(.text.TurnOff_Heater)
    TurnOn_Heater                            0x00002021   Thumb Code    44  main.o(.text.TurnOn_Heater)
    [Anonymous Symbol]                       0x00002020   Section        0  main.o(.text.TurnOn_Heater)
    [Anonymous Symbol]                       0x0000204c   Section        0  lcd.o(.text.delay_m)
    [Anonymous Symbol]                       0x0000208c   Section        0  lcd.o(.text.delay_u)
    [Anonymous Symbol]                       0x000020c8   Section        0  tasks.o(.text.eTaskConfirmSleepModeStatus)
    [Anonymous Symbol]                       0x00002148   Section        0  main.o(.text.init)
    [Anonymous Symbol]                       0x000022e0   Section        0  main.o(.text.main)
    [Anonymous Symbol]                       0x000024d4   Section        0  main.o(.text.outChar)
    [Anonymous Symbol]                       0x00002504   Section        0  main.o(.text.prntStr)
    prvAddCurrentTaskToDelayedList           0x00002535   Thumb Code   290  tasks.o(.text.prvAddCurrentTaskToDelayedList)
    [Anonymous Symbol]                       0x00002534   Section        0  tasks.o(.text.prvAddCurrentTaskToDelayedList)
    prvAddNewTaskToReadyList                 0x00002659   Thumb Code   340  tasks.o(.text.prvAddNewTaskToReadyList)
    [Anonymous Symbol]                       0x00002658   Section        0  tasks.o(.text.prvAddNewTaskToReadyList)
    prvCheckForValidListAndQueue             0x000027ad   Thumb Code   126  timers.o(.text.prvCheckForValidListAndQueue)
    [Anonymous Symbol]                       0x000027ac   Section        0  timers.o(.text.prvCheckForValidListAndQueue)
    prvCheckTasksWaitingTermination          0x0000282d   Thumb Code    90  tasks.o(.text.prvCheckTasksWaitingTermination)
    [Anonymous Symbol]                       0x0000282c   Section        0  tasks.o(.text.prvCheckTasksWaitingTermination)
    prvCopyDataFromQueue                     0x00002889   Thumb Code    66  queue.o(.text.prvCopyDataFromQueue)
    [Anonymous Symbol]                       0x00002888   Section        0  queue.o(.text.prvCopyDataFromQueue)
    prvCopyDataToQueue                       0x000028cd   Thumb Code   204  queue.o(.text.prvCopyDataToQueue)
    [Anonymous Symbol]                       0x000028cc   Section        0  queue.o(.text.prvCopyDataToQueue)
    prvDeleteTCB                             0x00002999   Thumb Code    94  tasks.o(.text.prvDeleteTCB)
    [Anonymous Symbol]                       0x00002998   Section        0  tasks.o(.text.prvDeleteTCB)
    prvGetDisinheritPriorityAfterTimeout     0x000029f9   Thumb Code    38  queue.o(.text.prvGetDisinheritPriorityAfterTimeout)
    [Anonymous Symbol]                       0x000029f8   Section        0  queue.o(.text.prvGetDisinheritPriorityAfterTimeout)
    prvGetExpectedIdleTime                   0x00002a21   Thumb Code   124  tasks.o(.text.prvGetExpectedIdleTime)
    [Anonymous Symbol]                       0x00002a20   Section        0  tasks.o(.text.prvGetExpectedIdleTime)
    prvGetNextExpireTime                     0x00002a9d   Thumb Code    64  timers.o(.text.prvGetNextExpireTime)
    [Anonymous Symbol]                       0x00002a9c   Section        0  timers.o(.text.prvGetNextExpireTime)
    prvIdleTask                              0x00002add   Thumb Code   154  tasks.o(.text.prvIdleTask)
    [Anonymous Symbol]                       0x00002adc   Section        0  tasks.o(.text.prvIdleTask)
    prvInitialiseNewQueue                    0x00002b79   Thumb Code    78  queue.o(.text.prvInitialiseNewQueue)
    [Anonymous Symbol]                       0x00002b78   Section        0  queue.o(.text.prvInitialiseNewQueue)
    prvInitialiseNewTask                     0x00002bc9   Thumb Code   326  tasks.o(.text.prvInitialiseNewTask)
    [Anonymous Symbol]                       0x00002bc8   Section        0  tasks.o(.text.prvInitialiseNewTask)
    prvInitialiseTaskLists                   0x00002d11   Thumb Code   142  tasks.o(.text.prvInitialiseTaskLists)
    [Anonymous Symbol]                       0x00002d10   Section        0  tasks.o(.text.prvInitialiseTaskLists)
    prvInsertTimerInActiveList               0x00002da1   Thumb Code   134  timers.o(.text.prvInsertTimerInActiveList)
    [Anonymous Symbol]                       0x00002da0   Section        0  timers.o(.text.prvInsertTimerInActiveList)
    prvIsQueueEmpty                          0x00002e29   Thumb Code    40  queue.o(.text.prvIsQueueEmpty)
    [Anonymous Symbol]                       0x00002e28   Section        0  queue.o(.text.prvIsQueueEmpty)
    prvIsQueueFull                           0x00002e51   Thumb Code    46  queue.o(.text.prvIsQueueFull)
    [Anonymous Symbol]                       0x00002e50   Section        0  queue.o(.text.prvIsQueueFull)
    prvNotifyQueueSetContainer               0x00002e81   Thumb Code   216  queue.o(.text.prvNotifyQueueSetContainer)
    [Anonymous Symbol]                       0x00002e80   Section        0  queue.o(.text.prvNotifyQueueSetContainer)
    prvPortStartFirstTask                    0x00002f59   Thumb Code    40  port.o(.text.prvPortStartFirstTask)
    [Anonymous Symbol]                       0x00002f58   Section        0  port.o(.text.prvPortStartFirstTask)
    prvProcessExpiredTimer                   0x00002f81   Thumb Code    84  timers.o(.text.prvProcessExpiredTimer)
    [Anonymous Symbol]                       0x00002f80   Section        0  timers.o(.text.prvProcessExpiredTimer)
    prvProcessReceivedCommands               0x00002fd5   Thumb Code   384  timers.o(.text.prvProcessReceivedCommands)
    [Anonymous Symbol]                       0x00002fd4   Section        0  timers.o(.text.prvProcessReceivedCommands)
    prvProcessTimerOrBlockTask               0x00003155   Thumb Code   154  timers.o(.text.prvProcessTimerOrBlockTask)
    [Anonymous Symbol]                       0x00003154   Section        0  timers.o(.text.prvProcessTimerOrBlockTask)
    prvReloadTimer                           0x000031f1   Thumb Code    52  timers.o(.text.prvReloadTimer)
    [Anonymous Symbol]                       0x000031f0   Section        0  timers.o(.text.prvReloadTimer)
    prvResetNextTaskUnblockTime              0x00003225   Thumb Code    60  tasks.o(.text.prvResetNextTaskUnblockTime)
    [Anonymous Symbol]                       0x00003224   Section        0  tasks.o(.text.prvResetNextTaskUnblockTime)
    prvSampleTimeNow                         0x00003261   Thumb Code    68  timers.o(.text.prvSampleTimeNow)
    [Anonymous Symbol]                       0x00003260   Section        0  timers.o(.text.prvSampleTimeNow)
    prvSwitchTimerLists                      0x000032a5   Thumb Code    82  timers.o(.text.prvSwitchTimerLists)
    [Anonymous Symbol]                       0x000032a4   Section        0  timers.o(.text.prvSwitchTimerLists)
    prvTaskExitError                         0x000032f9   Thumb Code    76  port.o(.text.prvTaskExitError)
    [Anonymous Symbol]                       0x000032f8   Section        0  port.o(.text.prvTaskExitError)
    prvTimerTask                             0x00003345   Thumb Code    30  timers.o(.text.prvTimerTask)
    [Anonymous Symbol]                       0x00003344   Section        0  timers.o(.text.prvTimerTask)
    prvUnlockQueue                           0x00003365   Thumb Code   204  queue.o(.text.prvUnlockQueue)
    [Anonymous Symbol]                       0x00003364   Section        0  queue.o(.text.prvUnlockQueue)
    [Anonymous Symbol]                       0x00003430   Section        0  heap_1.o(.text.pvPortMalloc)
    [Anonymous Symbol]                       0x000034f0   Section        0  tasks.o(.text.pvTaskIncrementMutexHeldCount)
    [Anonymous Symbol]                       0x0000351c   Section        0  port.o(.text.pxPortInitialiseStack)
    [Anonymous Symbol]                       0x0000357c   Section        0  main.o(.text.read2DigitInteger)
    [Anonymous Symbol]                       0x000035c8   Section        0  main.o(.text.readChar)
    [Anonymous Symbol]                       0x000035f8   Section        0  list.o(.text.uxListRemove)
    [Anonymous Symbol]                       0x00003640   Section        0  main.o(.text.vApplicationGetIdleTaskMemory)
    [Anonymous Symbol]                       0x0000366c   Section        0  main.o(.text.vApplicationGetTimerTaskMemory)
    [Anonymous Symbol]                       0x00003698   Section        0  list.o(.text.vListInitialise)
    [Anonymous Symbol]                       0x000036c8   Section        0  list.o(.text.vListInitialiseItem)
    [Anonymous Symbol]                       0x000036d8   Section        0  list.o(.text.vListInsert)
    vPortEnableVFP                           0x00003745   Thumb Code    20  port.o(.text.vPortEnableVFP)
    [Anonymous Symbol]                       0x00003744   Section        0  port.o(.text.vPortEnableVFP)
    [Anonymous Symbol]                       0x00003758   Section        0  port.o(.text.vPortEnterCritical)
    [Anonymous Symbol]                       0x000037b0   Section        0  port.o(.text.vPortExitCritical)
    [Anonymous Symbol]                       0x000037fc   Section        0  heap_1.o(.text.vPortFree)
    [Anonymous Symbol]                       0x00003820   Section        0  port.o(.text.vPortSetupTimerInterrupt)
    [Anonymous Symbol]                       0x00003898   Section        0  port.o(.text.vPortSuppressTicksAndSleep)
    [Anonymous Symbol]                       0x00003aa4   Section        0  port.o(.text.vPortValidateInterruptPriority)
    [Anonymous Symbol]                       0x00003b28   Section        0  queue.o(.text.vQueueWaitForMessageRestricted)
    [Anonymous Symbol]                       0x00003b8c   Section        0  tasks.o(.text.vTaskDelay)
    [Anonymous Symbol]                       0x00003bfc   Section        0  tasks.o(.text.vTaskInternalSetTimeOutState)
    [Anonymous Symbol]                       0x00003c20   Section        0  tasks.o(.text.vTaskMissedYield)
    [Anonymous Symbol]                       0x00003c30   Section        0  tasks.o(.text.vTaskPlaceOnEventList)
    [Anonymous Symbol]                       0x00003c74   Section        0  tasks.o(.text.vTaskPlaceOnEventListRestricted)
    [Anonymous Symbol]                       0x00003cf0   Section        0  tasks.o(.text.vTaskPriorityDisinheritAfterTimeout)
    [Anonymous Symbol]                       0x00003e74   Section        0  tasks.o(.text.vTaskStartScheduler)
    [Anonymous Symbol]                       0x00003f60   Section        0  tasks.o(.text.vTaskStepTick)
    [Anonymous Symbol]                       0x00003fac   Section        0  tasks.o(.text.vTaskSuspendAll)
    __tagsym$$used.0                         0x00003fbc   Number         0  tasks.o(.text.vTaskSwitchContext)
    [Anonymous Symbol]                       0x00003fbc   Section        0  tasks.o(.text.vTaskSwitchContext)
    [Anonymous Symbol]                       0x0000407c   Section        0  port.o(.text.xPortStartScheduler)
    [Anonymous Symbol]                       0x000041d4   Section        0  queue.o(.text.xQueueGenericCreate)
    [Anonymous Symbol]                       0x00004278   Section        0  queue.o(.text.xQueueGenericCreateStatic)
    [Anonymous Symbol]                       0x00004340   Section        0  queue.o(.text.xQueueGenericReset)
    [Anonymous Symbol]                       0x00004448   Section        0  queue.o(.text.xQueueGenericSend)
    [Anonymous Symbol]                       0x000046bc   Section        0  queue.o(.text.xQueueGiveFromISR)
    [Anonymous Symbol]                       0x0000482c   Section        0  queue.o(.text.xQueueReceive)
    [Anonymous Symbol]                       0x00004a08   Section        0  queue.o(.text.xQueueSemaphoreTake)
    [Anonymous Symbol]                       0x00004c34   Section        0  tasks.o(.text.xTaskCheckForTimeOut)
    [Anonymous Symbol]                       0x00004d30   Section        0  tasks.o(.text.xTaskCreateStatic)
    [Anonymous Symbol]                       0x00004e00   Section        0  tasks.o(.text.xTaskGetSchedulerState)
    [Anonymous Symbol]                       0x00004e38   Section        0  tasks.o(.text.xTaskGetTickCount)
    [Anonymous Symbol]                       0x00004e4c   Section        0  tasks.o(.text.xTaskIncrementTick)
    [Anonymous Symbol]                       0x000050ac   Section        0  tasks.o(.text.xTaskPriorityDisinherit)
    [Anonymous Symbol]                       0x000051e4   Section        0  tasks.o(.text.xTaskPriorityInherit)
    [Anonymous Symbol]                       0x00005340   Section        0  tasks.o(.text.xTaskRemoveFromEventList)
    [Anonymous Symbol]                       0x000054d4   Section        0  tasks.o(.text.xTaskResumeAll)
    [Anonymous Symbol]                       0x000056f8   Section        0  timers.o(.text.xTimerCreateTimerTask)
    $v0                                      0x0000578c   Number         0  fpinit.o(x$fpl$fpinit)
    x$fpl$fpinit                             0x0000578c   Section       26  fpinit.o(x$fpl$fpinit)
    .L.str.6                                 0x000057a6   Data          11  main.o(.rodata.str1.1)
    [Anonymous Symbol]                       0x000057a6   Section        0  main.o(.rodata.str1.1)
    .L.str.7                                 0x000057b1   Data          11  main.o(.rodata.str1.1)
    .L.str.5                                 0x000057bc   Data          37  main.o(.rodata.str1.1)
    .L.str.3                                 0x000057e1   Data          16  main.o(.rodata.str1.1)
    .L.str.4                                 0x000057f1   Data          18  main.o(.rodata.str1.1)
    .L.str.1                                 0x00005803   Data          21  main.o(.rodata.str1.1)
    .L.str.2                                 0x00005818   Data          20  main.o(.rodata.str1.1)
    .L.str                                   0x0000582c   Data          21  main.o(.rodata.str1.1)
    .L.str                                   0x00005841   Data           6  lcd.o(.rodata.str1.1)
    [Anonymous Symbol]                       0x00005841   Section        0  lcd.o(.rodata.str1.1)
    .L.str                                   0x00005847   Data           5  tasks.o(.rodata.str1.1)
    [Anonymous Symbol]                       0x00005847   Section        0  tasks.o(.rodata.str1.1)
    .L.str                                   0x0000584c   Data           8  timers.o(.rodata.str1.1)
    [Anonymous Symbol]                       0x0000584c   Section        0  timers.o(.rodata.str1.1)
    uxCriticalNesting                        0x20000064   Data           4  port.o(.data.uxCriticalNesting)
    [Anonymous Symbol]                       0x20000064   Section        0  port.o(.data.uxCriticalNesting)
    .bss                                     0x20000068   Section       96  libspace.o(.bss)
    prvCheckForValidListAndQueue.ucStaticTimerQueueStorage 0x20000acd   Data          80  timers.o(.bss.prvCheckForValidListAndQueue.ucStaticTimerQueueStorage)
    [Anonymous Symbol]                       0x20000acd   Section        0  timers.o(.bss.prvCheckForValidListAndQueue.ucStaticTimerQueueStorage)
    prvCheckForValidListAndQueue.xStaticTimerQueue 0x20000b20   Data          84  timers.o(.bss.prvCheckForValidListAndQueue.xStaticTimerQueue)
    [Anonymous Symbol]                       0x20000b20   Section        0  timers.o(.bss.prvCheckForValidListAndQueue.xStaticTimerQueue)
    prvSampleTimeNow.xLastTime               0x20000b74   Data           4  timers.o(.bss.prvSampleTimeNow.xLastTime)
    [Anonymous Symbol]                       0x20000b74   Section        0  timers.o(.bss.prvSampleTimeNow.xLastTime)
    pvPortMalloc.pucAlignedHeap              0x20000b78   Data           4  heap_1.o(.bss.pvPortMalloc.pucAlignedHeap)
    [Anonymous Symbol]                       0x20000b78   Section        0  heap_1.o(.bss.pvPortMalloc.pucAlignedHeap)
    pxCurrentTimerList                       0x20000b80   Data           4  timers.o(.bss.pxCurrentTimerList)
    [Anonymous Symbol]                       0x20000b80   Section        0  timers.o(.bss.pxCurrentTimerList)
    pxDelayedTaskList                        0x20000b84   Data           4  tasks.o(.bss.pxDelayedTaskList)
    [Anonymous Symbol]                       0x20000b84   Section        0  tasks.o(.bss.pxDelayedTaskList)
    pxOverflowDelayedTaskList                0x20000b88   Data           4  tasks.o(.bss.pxOverflowDelayedTaskList)
    [Anonymous Symbol]                       0x20000b88   Section        0  tasks.o(.bss.pxOverflowDelayedTaskList)
    pxOverflowTimerList                      0x20000b8c   Data           4  timers.o(.bss.pxOverflowTimerList)
    [Anonymous Symbol]                       0x20000b8c   Section        0  timers.o(.bss.pxOverflowTimerList)
    pxReadyTasksLists                        0x20000b90   Data         100  tasks.o(.bss.pxReadyTasksLists)
    [Anonymous Symbol]                       0x20000b90   Section        0  tasks.o(.bss.pxReadyTasksLists)
    ucHeap                                   0x20000bf4   Data        1024  heap_1.o(.bss.ucHeap)
    [Anonymous Symbol]                       0x20000bf4   Section        0  heap_1.o(.bss.ucHeap)
    ucMaxSysCallPriority                     0x20000ff4   Data           1  port.o(.bss.ucMaxSysCallPriority)
    [Anonymous Symbol]                       0x20000ff4   Section        0  port.o(.bss.ucMaxSysCallPriority)
    ulMaxPRIGROUPValue                       0x20000ff8   Data           4  port.o(.bss.ulMaxPRIGROUPValue)
    [Anonymous Symbol]                       0x20000ff8   Section        0  port.o(.bss.ulMaxPRIGROUPValue)
    ulStoppedTimerCompensation               0x20000ffc   Data           4  port.o(.bss.ulStoppedTimerCompensation)
    [Anonymous Symbol]                       0x20000ffc   Section        0  port.o(.bss.ulStoppedTimerCompensation)
    ulTimerCountsForOneTick                  0x20001000   Data           4  port.o(.bss.ulTimerCountsForOneTick)
    [Anonymous Symbol]                       0x20001000   Section        0  port.o(.bss.ulTimerCountsForOneTick)
    uxCurrentNumberOfTasks                   0x20001004   Data           4  tasks.o(.bss.uxCurrentNumberOfTasks)
    [Anonymous Symbol]                       0x20001004   Section        0  tasks.o(.bss.uxCurrentNumberOfTasks)
    uxDeletedTasksWaitingCleanUp             0x20001008   Data           4  tasks.o(.bss.uxDeletedTasksWaitingCleanUp)
    [Anonymous Symbol]                       0x20001008   Section        0  tasks.o(.bss.uxDeletedTasksWaitingCleanUp)
    uxSchedulerSuspended                     0x2000100c   Data           4  tasks.o(.bss.uxSchedulerSuspended)
    [Anonymous Symbol]                       0x2000100c   Section        0  tasks.o(.bss.uxSchedulerSuspended)
    uxTaskNumber                             0x20001010   Data           4  tasks.o(.bss.uxTaskNumber)
    [Anonymous Symbol]                       0x20001010   Section        0  tasks.o(.bss.uxTaskNumber)
    uxTopReadyPriority                       0x20001014   Data           4  tasks.o(.bss.uxTopReadyPriority)
    [Anonymous Symbol]                       0x20001014   Section        0  tasks.o(.bss.uxTopReadyPriority)
    vApplicationGetIdleTaskMemory.uxIdleTaskStack 0x20001018   Data         512  main.o(.bss.vApplicationGetIdleTaskMemory.uxIdleTaskStack)
    [Anonymous Symbol]                       0x20001018   Section        0  main.o(.bss.vApplicationGetIdleTaskMemory.uxIdleTaskStack)
    vApplicationGetIdleTaskMemory.xIdleTaskTCB 0x20001218   Data          88  main.o(.bss.vApplicationGetIdleTaskMemory.xIdleTaskTCB)
    [Anonymous Symbol]                       0x20001218   Section        0  main.o(.bss.vApplicationGetIdleTaskMemory.xIdleTaskTCB)
    vApplicationGetTimerTaskMemory.uxTimerTaskStack 0x20001270   Data        1024  main.o(.bss.vApplicationGetTimerTaskMemory.uxTimerTaskStack)
    [Anonymous Symbol]                       0x20001270   Section        0  main.o(.bss.vApplicationGetTimerTaskMemory.uxTimerTaskStack)
    vApplicationGetTimerTaskMemory.xTimerTaskTCB 0x20001670   Data          88  main.o(.bss.vApplicationGetTimerTaskMemory.xTimerTaskTCB)
    [Anonymous Symbol]                       0x20001670   Section        0  main.o(.bss.vApplicationGetTimerTaskMemory.xTimerTaskTCB)
    xActiveTimerList1                        0x200016c8   Data          20  timers.o(.bss.xActiveTimerList1)
    [Anonymous Symbol]                       0x200016c8   Section        0  timers.o(.bss.xActiveTimerList1)
    xActiveTimerList2                        0x200016dc   Data          20  timers.o(.bss.xActiveTimerList2)
    [Anonymous Symbol]                       0x200016dc   Section        0  timers.o(.bss.xActiveTimerList2)
    xDelayedTaskList1                        0x20001700   Data          20  tasks.o(.bss.xDelayedTaskList1)
    [Anonymous Symbol]                       0x20001700   Section        0  tasks.o(.bss.xDelayedTaskList1)
    xDelayedTaskList2                        0x20001714   Data          20  tasks.o(.bss.xDelayedTaskList2)
    [Anonymous Symbol]                       0x20001714   Section        0  tasks.o(.bss.xDelayedTaskList2)
    xIdleTaskHandle                          0x20001728   Data           4  tasks.o(.bss.xIdleTaskHandle)
    [Anonymous Symbol]                       0x20001728   Section        0  tasks.o(.bss.xIdleTaskHandle)
    xMaximumPossibleSuppressedTicks          0x2000172c   Data           4  port.o(.bss.xMaximumPossibleSuppressedTicks)
    [Anonymous Symbol]                       0x2000172c   Section        0  port.o(.bss.xMaximumPossibleSuppressedTicks)
    xNextFreeByte                            0x20001730   Data           4  heap_1.o(.bss.xNextFreeByte)
    [Anonymous Symbol]                       0x20001730   Section        0  heap_1.o(.bss.xNextFreeByte)
    xNextTaskUnblockTime                     0x20001734   Data           4  tasks.o(.bss.xNextTaskUnblockTime)
    [Anonymous Symbol]                       0x20001734   Section        0  tasks.o(.bss.xNextTaskUnblockTime)
    xNumOfOverflows                          0x20001738   Data           4  tasks.o(.bss.xNumOfOverflows)
    [Anonymous Symbol]                       0x20001738   Section        0  tasks.o(.bss.xNumOfOverflows)
    xPendedTicks                             0x2000173c   Data           4  tasks.o(.bss.xPendedTicks)
    [Anonymous Symbol]                       0x2000173c   Section        0  tasks.o(.bss.xPendedTicks)
    xPendingReadyList                        0x20001740   Data          20  tasks.o(.bss.xPendingReadyList)
    [Anonymous Symbol]                       0x20001740   Section        0  tasks.o(.bss.xPendingReadyList)
    xSchedulerRunning                        0x20001754   Data           4  tasks.o(.bss.xSchedulerRunning)
    [Anonymous Symbol]                       0x20001754   Section        0  tasks.o(.bss.xSchedulerRunning)
    xSuspendedTaskList                       0x20001758   Data          20  tasks.o(.bss.xSuspendedTaskList)
    [Anonymous Symbol]                       0x20001758   Section        0  tasks.o(.bss.xSuspendedTaskList)
    xTasksWaitingTermination                 0x20001924   Data          20  tasks.o(.bss.xTasksWaitingTermination)
    [Anonymous Symbol]                       0x20001924   Section        0  tasks.o(.bss.xTasksWaitingTermination)
    xTickCount                               0x20001938   Data           4  tasks.o(.bss.xTickCount)
    [Anonymous Symbol]                       0x20001938   Section        0  tasks.o(.bss.xTickCount)
    xTimerQueue                              0x2000193c   Data           4  timers.o(.bss.xTimerQueue)
    [Anonymous Symbol]                       0x2000193c   Section        0  timers.o(.bss.xTimerQueue)
    xTimerTaskHandle                         0x20001940   Data           4  timers.o(.bss.xTimerTaskHandle)
    [Anonymous Symbol]                       0x20001940   Section        0  timers.o(.bss.xTimerTaskHandle)
    xYieldPending                            0x20001944   Data           4  tasks.o(.bss.xYieldPending)
    [Anonymous Symbol]                       0x20001944   Section        0  tasks.o(.bss.xYieldPending)
    Heap_Mem                                 0x20001948   Data           0  startup_tm4c123.o(HEAP)
    Stack_Mem                                0x20001948   Data         512  startup_tm4c123.o(STACK)
    HEAP                                     0x20001948   Section        0  startup_tm4c123.o(HEAP)
    STACK                                    0x20001948   Section      512  startup_tm4c123.o(STACK)
    __initial_sp                             0x20001b48   Data           0  startup_tm4c123.o(STACK)

    Global Symbols

    Symbol Name                              Value     Ov Type        Size  Object(Section)

    BuildAttributes$$THM_ISAv4$E$P$D$K$B$S$7EM$VFPi3$EXTD16$VFPS$VFMA$PE$A:L22UL41UL21$X:L11$S22US41US21$IEEE1$IW$~IW$USESV6$~STKCKD$USESV7$~SHL$OSPACE$ROPI$EBA8$UX$STANDARDLIB$REQ8$PRES8$EABIv2 0x00000000   Number         0  anon$$obj.o ABSOLUTE
    __Vectors                                0x00000000   Data           4  startup_tm4c123.o(RESET)
    __ARM_exceptions_init                     - Undefined Weak Reference
    __alloca_initialize                       - Undefined Weak Reference
    __arm_preinit_                            - Undefined Weak Reference
    __cpp_initialize__aeabi_                  - Undefined Weak Reference
    __cxa_finalize                            - Undefined Weak Reference
    __rt_locale                               - Undefined Weak Reference
    __sigvec_lookup                           - Undefined Weak Reference
    _atexit_init                              - Undefined Weak Reference
    _call_atexit_fns                          - Undefined Weak Reference
    _clock_init                               - Undefined Weak Reference
    _fp_trap_init                             - Undefined Weak Reference
    _fp_trap_shutdown                         - Undefined Weak Reference
    _get_lc_collate                           - Undefined Weak Reference
    _get_lc_ctype                             - Undefined Weak Reference
    _get_lc_monetary                          - Undefined Weak Reference
    _get_lc_numeric                           - Undefined Weak Reference
    _get_lc_time                              - Undefined Weak Reference
    _getenv_init                              - Undefined Weak Reference
    _handle_redirection                       - Undefined Weak Reference
    _init_alloc                               - Undefined Weak Reference
    _init_user_alloc                          - Undefined Weak Reference
    _initio                                   - Undefined Weak Reference
    _rand_init                                - Undefined Weak Reference
    _signal_finish                            - Undefined Weak Reference
    _signal_init                              - Undefined Weak Reference
    _terminate_alloc                          - Undefined Weak Reference
    _terminate_user_alloc                     - Undefined Weak Reference
    _terminateio                              - Undefined Weak Reference
    __Vectors_End                            0x0000026c   Data           0  startup_tm4c123.o(RESET)
    __Vectors_Size                           0x0000026c   Number         0  startup_tm4c123.o ABSOLUTE
    __main                                   0x0000026d   Thumb Code     8  __main.o(!!!main)
    __scatterload                            0x00000275   Thumb Code     0  __scatter.o(!!!scatter)
    __scatterload_rt2                        0x00000275   Thumb Code    44  __scatter.o(!!!scatter)
    __scatterload_rt2_thumb_only             0x00000275   Thumb Code     0  __scatter.o(!!!scatter)
    __scatterload_null                       0x00000283   Thumb Code     0  __scatter.o(!!!scatter)
    __scatterload_copy                       0x000002a9   Thumb Code    26  __scatter_copy.o(!!handler_copy)
    __scatterload_zeroinit                   0x000002c5   Thumb Code    28  __scatter_zi.o(!!handler_zi)
    __rt_lib_init                            0x000002e1   Thumb Code     0  libinit.o(.ARM.Collect$$libinit$$00000000)
    __rt_lib_init_fp_1                       0x000002e3   Thumb Code     0  libinit2.o(.ARM.Collect$$libinit$$00000001)
    __rt_lib_init_alloca_1                   0x000002e7   Thumb Code     0  libinit2.o(.ARM.Collect$$libinit$$0000002E)
    __rt_lib_init_argv_1                     0x000002e7   Thumb Code     0  libinit2.o(.ARM.Collect$$libinit$$0000002C)
    __rt_lib_init_atexit_1                   0x000002e7   Thumb Code     0  libinit2.o(.ARM.Collect$$libinit$$0000001B)
    __rt_lib_init_clock_1                    0x000002e7   Thumb Code     0  libinit2.o(.ARM.Collect$$libinit$$00000021)
    __rt_lib_init_cpp_1                      0x000002e7   Thumb Code     0  libinit2.o(.ARM.Collect$$libinit$$00000032)
    __rt_lib_init_exceptions_1               0x000002e7   Thumb Code     0  libinit2.o(.ARM.Collect$$libinit$$00000030)
    __rt_lib_init_fp_trap_1                  0x000002e7   Thumb Code     0  libinit2.o(.ARM.Collect$$libinit$$0000001F)
    __rt_lib_init_getenv_1                   0x000002e7   Thumb Code     0  libinit2.o(.ARM.Collect$$libinit$$00000023)
    __rt_lib_init_heap_1                     0x000002e7   Thumb Code     0  libinit2.o(.ARM.Collect$$libinit$$0000000A)
    __rt_lib_init_lc_collate_1               0x000002e7   Thumb Code     0  libinit2.o(.ARM.Collect$$libinit$$00000011)
    __rt_lib_init_lc_ctype_1                 0x000002e7   Thumb Code     0  libinit2.o(.ARM.Collect$$libinit$$00000013)
    __rt_lib_init_lc_monetary_1              0x000002e7   Thumb Code     0  libinit2.o(.ARM.Collect$$libinit$$00000015)
    __rt_lib_init_lc_numeric_1               0x000002e7   Thumb Code     0  libinit2.o(.ARM.Collect$$libinit$$00000017)
    __rt_lib_init_lc_time_1                  0x000002e7   Thumb Code     0  libinit2.o(.ARM.Collect$$libinit$$00000019)
    __rt_lib_init_preinit_1                  0x000002e7   Thumb Code     0  libinit2.o(.ARM.Collect$$libinit$$00000004)
    __rt_lib_init_rand_1                     0x000002e7   Thumb Code     0  libinit2.o(.ARM.Collect$$libinit$$0000000E)
    __rt_lib_init_return                     0x000002e7   Thumb Code     0  libinit2.o(.ARM.Collect$$libinit$$00000033)
    __rt_lib_init_signal_1                   0x000002e7   Thumb Code     0  libinit2.o(.ARM.Collect$$libinit$$0000001D)
    __rt_lib_init_stdio_1                    0x000002e7   Thumb Code     0  libinit2.o(.ARM.Collect$$libinit$$00000025)
    __rt_lib_init_user_alloc_1               0x000002e7   Thumb Code     0  libinit2.o(.ARM.Collect$$libinit$$0000000C)
    __rt_lib_shutdown                        0x000002e9   Thumb Code     0  libshutdown.o(.ARM.Collect$$libshutdown$$00000000)
    __rt_lib_shutdown_cpp_1                  0x000002eb   Thumb Code     0  libshutdown2.o(.ARM.Collect$$libshutdown$$00000002)
    __rt_lib_shutdown_fp_trap_1              0x000002eb   Thumb Code     0  libshutdown2.o(.ARM.Collect$$libshutdown$$00000007)
    __rt_lib_shutdown_heap_1                 0x000002eb   Thumb Code     0  libshutdown2.o(.ARM.Collect$$libshutdown$$0000000F)
    __rt_lib_shutdown_return                 0x000002eb   Thumb Code     0  libshutdown2.o(.ARM.Collect$$libshutdown$$00000010)
    __rt_lib_shutdown_signal_1               0x000002eb   Thumb Code     0  libshutdown2.o(.ARM.Collect$$libshutdown$$0000000A)
    __rt_lib_shutdown_stdio_1                0x000002eb   Thumb Code     0  libshutdown2.o(.ARM.Collect$$libshutdown$$00000004)
    __rt_lib_shutdown_user_alloc_1           0x000002eb   Thumb Code     0  libshutdown2.o(.ARM.Collect$$libshutdown$$0000000C)
    __rt_entry                               0x000002ed   Thumb Code     0  __rtentry.o(.ARM.Collect$$rtentry$$00000000)
    __rt_entry_presh_1                       0x000002ed   Thumb Code     0  __rtentry2.o(.ARM.Collect$$rtentry$$00000002)
    __rt_entry_sh                            0x000002ed   Thumb Code     0  __rtentry4.o(.ARM.Collect$$rtentry$$00000004)
    __rt_entry_li                            0x000002f3   Thumb Code     0  __rtentry2.o(.ARM.Collect$$rtentry$$0000000A)
    __rt_entry_postsh_1                      0x000002f3   Thumb Code     0  __rtentry2.o(.ARM.Collect$$rtentry$$00000009)
    __rt_entry_main                          0x000002f7   Thumb Code     0  __rtentry2.o(.ARM.Collect$$rtentry$$0000000D)
    __rt_entry_postli_1                      0x000002f7   Thumb Code     0  __rtentry2.o(.ARM.Collect$$rtentry$$0000000C)
    __rt_exit                                0x000002ff   Thumb Code     0  rtexit.o(.ARM.Collect$$rtexit$$00000000)
    __rt_exit_ls                             0x00000301   Thumb Code     0  rtexit2.o(.ARM.Collect$$rtexit$$00000003)
    __rt_exit_prels_1                        0x00000301   Thumb Code     0  rtexit2.o(.ARM.Collect$$rtexit$$00000002)
    __rt_exit_exit                           0x00000305   Thumb Code     0  rtexit2.o(.ARM.Collect$$rtexit$$00000004)
    Reset_Handler                            0x0000030d   Thumb Code     8  startup_tm4c123.o(.text)
    NMI_Handler                              0x00000315   Thumb Code     2  startup_tm4c123.o(.text)
    HardFault_Handler                        0x00000317   Thumb Code     2  startup_tm4c123.o(.text)
    MemManage_Handler                        0x00000319   Thumb Code     2  startup_tm4c123.o(.text)
    BusFault_Handler                         0x0000031b   Thumb Code     2  startup_tm4c123.o(.text)
    UsageFault_Handler                       0x0000031d   Thumb Code     2  startup_tm4c123.o(.text)
    DebugMon_Handler                         0x00000321   Thumb Code     2  startup_tm4c123.o(.text)
    GPIOA_Handler                            0x00000327   Thumb Code     2  startup_tm4c123.o(.text)
    GPIOB_Handler                            0x00000329   Thumb Code     2  startup_tm4c123.o(.text)
    GPIOC_Handler                            0x0000032b   Thumb Code     2  startup_tm4c123.o(.text)
    GPIOD_Handler                            0x0000032d   Thumb Code     2  startup_tm4c123.o(.text)
    GPIOE_Handler                            0x0000032f   Thumb Code     2  startup_tm4c123.o(.text)
    UART0_Handler                            0x00000331   Thumb Code     2  startup_tm4c123.o(.text)
    UART1_Handler                            0x00000333   Thumb Code     2  startup_tm4c123.o(.text)
    SSI0_Handler                             0x00000335   Thumb Code     2  startup_tm4c123.o(.text)
    I2C0_Handler                             0x00000337   Thumb Code     2  startup_tm4c123.o(.text)
    PMW0_FAULT_Handler                       0x00000339   Thumb Code     2  startup_tm4c123.o(.text)
    PWM0_0_Handler                           0x0000033b   Thumb Code     2  startup_tm4c123.o(.text)
    PWM0_1_Handler                           0x0000033d   Thumb Code     2  startup_tm4c123.o(.text)
    PWM0_2_Handler                           0x0000033f   Thumb Code     2  startup_tm4c123.o(.text)
    QEI0_Handler                             0x00000341   Thumb Code     2  startup_tm4c123.o(.text)
    ADC0SS0_Handler                          0x00000343   Thumb Code     2  startup_tm4c123.o(.text)
    ADC0SS1_Handler                          0x00000345   Thumb Code     2  startup_tm4c123.o(.text)
    ADC0SS2_Handler                          0x00000347   Thumb Code     2  startup_tm4c123.o(.text)
    ADC0SS3_Handler                          0x00000349   Thumb Code     2  startup_tm4c123.o(.text)
    WDT0_Handler                             0x0000034b   Thumb Code     2  startup_tm4c123.o(.text)
    TIMER0A_Handler                          0x0000034d   Thumb Code     2  startup_tm4c123.o(.text)
    TIMER0B_Handler                          0x0000034f   Thumb Code     2  startup_tm4c123.o(.text)
    TIMER1A_Handler                          0x00000351   Thumb Code     2  startup_tm4c123.o(.text)
    TIMER1B_Handler                          0x00000353   Thumb Code     2  startup_tm4c123.o(.text)
    TIMER2A_Handler                          0x00000355   Thumb Code     2  startup_tm4c123.o(.text)
    TIMER2B_Handler                          0x00000357   Thumb Code     2  startup_tm4c123.o(.text)
    COMP0_Handler                            0x00000359   Thumb Code     2  startup_tm4c123.o(.text)
    COMP1_Handler                            0x0000035b   Thumb Code     2  startup_tm4c123.o(.text)
    COMP2_Handler                            0x0000035d   Thumb Code     2  startup_tm4c123.o(.text)
    SYSCTL_Handler                           0x0000035f   Thumb Code     2  startup_tm4c123.o(.text)
    FLASH_Handler                            0x00000361   Thumb Code     2  startup_tm4c123.o(.text)
    GPIOG_Handler                            0x00000365   Thumb Code     2  startup_tm4c123.o(.text)
    GPIOH_Handler                            0x00000367   Thumb Code     2  startup_tm4c123.o(.text)
    UART2_Handler                            0x00000369   Thumb Code     2  startup_tm4c123.o(.text)
    SSI1_Handler                             0x0000036b   Thumb Code     2  startup_tm4c123.o(.text)
    TIMER3A_Handler                          0x0000036d   Thumb Code     2  startup_tm4c123.o(.text)
    TIMER3B_Handler                          0x0000036f   Thumb Code     2  startup_tm4c123.o(.text)
    I2C1_Handler                             0x00000371   Thumb Code     2  startup_tm4c123.o(.text)
    QEI1_Handler                             0x00000373   Thumb Code     2  startup_tm4c123.o(.text)
    CAN0_Handler                             0x00000375   Thumb Code     2  startup_tm4c123.o(.text)
    CAN1_Handler                             0x00000377   Thumb Code     2  startup_tm4c123.o(.text)
    CAN2_Handler                             0x00000379   Thumb Code     2  startup_tm4c123.o(.text)
    HIB_Handler                              0x0000037b   Thumb Code     2  startup_tm4c123.o(.text)
    USB0_Handler                             0x0000037d   Thumb Code     2  startup_tm4c123.o(.text)
    PWM0_3_Handler                           0x0000037f   Thumb Code     2  startup_tm4c123.o(.text)
    UDMA_Handler                             0x00000381   Thumb Code     2  startup_tm4c123.o(.text)
    UDMAERR_Handler                          0x00000383   Thumb Code     2  startup_tm4c123.o(.text)
    ADC1SS0_Handler                          0x00000385   Thumb Code     2  startup_tm4c123.o(.text)
    ADC1SS1_Handler                          0x00000387   Thumb Code     2  startup_tm4c123.o(.text)
    ADC1SS2_Handler                          0x00000389   Thumb Code     2  startup_tm4c123.o(.text)
    ADC1SS3_Handler                          0x0000038b   Thumb Code     2  startup_tm4c123.o(.text)
    GPIOJ_Handler                            0x0000038d   Thumb Code     2  startup_tm4c123.o(.text)
    GPIOK_Handler                            0x0000038f   Thumb Code     2  startup_tm4c123.o(.text)
    GPIOL_Handler                            0x00000391   Thumb Code     2  startup_tm4c123.o(.text)
    SSI2_Handler                             0x00000393   Thumb Code     2  startup_tm4c123.o(.text)
    SSI3_Handler                             0x00000395   Thumb Code     2  startup_tm4c123.o(.text)
    UART3_Handler                            0x00000397   Thumb Code     2  startup_tm4c123.o(.text)
    UART4_Handler                            0x00000399   Thumb Code     2  startup_tm4c123.o(.text)
    UART5_Handler                            0x0000039b   Thumb Code     2  startup_tm4c123.o(.text)
    UART6_Handler                            0x0000039d   Thumb Code     2  startup_tm4c123.o(.text)
    UART7_Handler                            0x0000039f   Thumb Code     2  startup_tm4c123.o(.text)
    I2C2_Handler                             0x000003a1   Thumb Code     2  startup_tm4c123.o(.text)
    I2C3_Handler                             0x000003a3   Thumb Code     2  startup_tm4c123.o(.text)
    TIMER4A_Handler                          0x000003a5   Thumb Code     2  startup_tm4c123.o(.text)
    TIMER4B_Handler                          0x000003a7   Thumb Code     2  startup_tm4c123.o(.text)
    TIMER5A_Handler                          0x000003a9   Thumb Code     2  startup_tm4c123.o(.text)
    TIMER5B_Handler                          0x000003ab   Thumb Code     2  startup_tm4c123.o(.text)
    WTIMER0A_Handler                         0x000003ad   Thumb Code     2  startup_tm4c123.o(.text)
    WTIMER0B_Handler                         0x000003af   Thumb Code     2  startup_tm4c123.o(.text)
    WTIMER1A_Handler                         0x000003b1   Thumb Code     2  startup_tm4c123.o(.text)
    WTIMER1B_Handler                         0x000003b3   Thumb Code     2  startup_tm4c123.o(.text)
    WTIMER2A_Handler                         0x000003b5   Thumb Code     2  startup_tm4c123.o(.text)
    WTIMER2B_Handler                         0x000003b7   Thumb Code     2  startup_tm4c123.o(.text)
    WTIMER3A_Handler                         0x000003b9   Thumb Code     2  startup_tm4c123.o(.text)
    WTIMER3B_Handler                         0x000003bb   Thumb Code     2  startup_tm4c123.o(.text)
    WTIMER4A_Handler                         0x000003bd   Thumb Code     2  startup_tm4c123.o(.text)
    WTIMER4B_Handler                         0x000003bf   Thumb Code     2  startup_tm4c123.o(.text)
    WTIMER5A_Handler                         0x000003c1   Thumb Code     2  startup_tm4c123.o(.text)
    WTIMER5B_Handler                         0x000003c3   Thumb Code     2  startup_tm4c123.o(.text)
    FPU_Handler                              0x000003c5   Thumb Code     2  startup_tm4c123.o(.text)
    I2C4_Handler                             0x000003c7   Thumb Code     2  startup_tm4c123.o(.text)
    I2C5_Handler                             0x000003c9   Thumb Code     2  startup_tm4c123.o(.text)
    GPIOM_Handler                            0x000003cb   Thumb Code     2  startup_tm4c123.o(.text)
    GPION_Handler                            0x000003cd   Thumb Code     2  startup_tm4c123.o(.text)
    QEI2_Handler                             0x000003cf   Thumb Code     2  startup_tm4c123.o(.text)
    GPIOP0_Handler                           0x000003d1   Thumb Code     2  startup_tm4c123.o(.text)
    GPIOP1_Handler                           0x000003d3   Thumb Code     2  startup_tm4c123.o(.text)
    GPIOP2_Handler                           0x000003d5   Thumb Code     2  startup_tm4c123.o(.text)
    GPIOP3_Handler                           0x000003d7   Thumb Code     2  startup_tm4c123.o(.text)
    GPIOP4_Handler                           0x000003d9   Thumb Code     2  startup_tm4c123.o(.text)
    GPIOP5_Handler                           0x000003db   Thumb Code     2  startup_tm4c123.o(.text)
    GPIOP6_Handler                           0x000003dd   Thumb Code     2  startup_tm4c123.o(.text)
    GPIOP7_Handler                           0x000003df   Thumb Code     2  startup_tm4c123.o(.text)
    GPIOQ0_Handler                           0x000003e1   Thumb Code     2  startup_tm4c123.o(.text)
    GPIOQ1_Handler                           0x000003e3   Thumb Code     2  startup_tm4c123.o(.text)
    GPIOQ2_Handler                           0x000003e5   Thumb Code     2  startup_tm4c123.o(.text)
    GPIOQ3_Handler                           0x000003e7   Thumb Code     2  startup_tm4c123.o(.text)
    GPIOQ4_Handler                           0x000003e9   Thumb Code     2  startup_tm4c123.o(.text)
    GPIOQ5_Handler                           0x000003eb   Thumb Code     2  startup_tm4c123.o(.text)
    GPIOQ6_Handler                           0x000003ed   Thumb Code     2  startup_tm4c123.o(.text)
    GPIOQ7_Handler                           0x000003ef   Thumb Code     2  startup_tm4c123.o(.text)
    GPIOR_Handler                            0x000003f1   Thumb Code     2  startup_tm4c123.o(.text)
    GPIOS_Handler                            0x000003f3   Thumb Code     2  startup_tm4c123.o(.text)
    PMW1_0_Handler                           0x000003f5   Thumb Code     2  startup_tm4c123.o(.text)
    PWM1_1_Handler                           0x000003f7   Thumb Code     2  startup_tm4c123.o(.text)
    PWM1_2_Handler                           0x000003f9   Thumb Code     2  startup_tm4c123.o(.text)
    PWM1_3_Handler                           0x000003fb   Thumb Code     2  startup_tm4c123.o(.text)
    PWM1_FAULT_Handler                       0x000003fd   Thumb Code     2  startup_tm4c123.o(.text)
    __user_initial_stackheap                 0x00000401   Thumb Code     0  startup_tm4c123.o(.text)
    __aeabi_memcpy                           0x00000421   Thumb Code     0  rt_memcpy_v6.o(.text)
    __rt_memcpy                              0x00000421   Thumb Code   138  rt_memcpy_v6.o(.text)
    _memcpy_lastbytes                        0x00000487   Thumb Code     0  rt_memcpy_v6.o(.text)
    __aeabi_memset4                          0x000004ab   Thumb Code    16  aeabi_memset4.o(.text)
    __aeabi_memset8                          0x000004ab   Thumb Code     0  aeabi_memset4.o(.text)
    __use_two_region_memory                  0x000004bb   Thumb Code     2  heapauxi.o(.text)
    __rt_heap_escrow$2region                 0x000004bd   Thumb Code     2  heapauxi.o(.text)
    __rt_heap_expand$2region                 0x000004bf   Thumb Code     2  heapauxi.o(.text)
    __aeabi_memcpy4                          0x000004c1   Thumb Code     0  rt_memcpy_w.o(.text)
    __aeabi_memcpy8                          0x000004c1   Thumb Code     0  rt_memcpy_w.o(.text)
    __rt_memcpy_w                            0x000004c1   Thumb Code   100  rt_memcpy_w.o(.text)
    _memcpy_lastbytes_aligned                0x00000509   Thumb Code     0  rt_memcpy_w.o(.text)
    __aeabi_memclr4                          0x00000525   Thumb Code     0  rt_memclr_w.o(.text)
    __aeabi_memclr8                          0x00000525   Thumb Code     0  rt_memclr_w.o(.text)
    __rt_memclr_w                            0x00000525   Thumb Code     0  rt_memclr_w.o(.text)
    _memset_w                                0x00000529   Thumb Code    74  rt_memclr_w.o(.text)
    __user_setup_stackheap                   0x00000573   Thumb Code    74  sys_stackheap_outer.o(.text)
    exit                                     0x000005bd   Thumb Code    18  exit.o(.text)
    __user_libspace                          0x000005d1   Thumb Code     8  libspace.o(.text)
    __user_perproc_libspace                  0x000005d1   Thumb Code     0  libspace.o(.text)
    __user_perthread_libspace                0x000005d1   Thumb Code     0  libspace.o(.text)
    _sys_exit                                0x000005d9   Thumb Code     8  sys_exit.o(.text)
    __I$use$semihosting                      0x000005e5   Thumb Code     0  use_no_semi.o(.text)
    __use_no_semihosting_swi                 0x000005e5   Thumb Code     2  use_no_semi.o(.text)
    __semihosting_library_function           0x000005e7   Thumb Code     0  indicate_semi.o(.text)
    ADC0_init                                0x000005e9   Thumb Code   180  adc.o(.text.ADC0_init)
    ADC0_readChannel                         0x0000069d   Thumb Code    74  adc.o(.text.ADC0_readChannel)
    DIO_Init                                 0x00000815   Thumb Code  4720  dio.o(.text.DIO_Init)
    GPIOF_Handler                            0x00001ae1   Thumb Code    78  main.o(.text.GPIOF_Handler)
    LCD_Blink                                0x00001b31   Thumb Code    66  lcd.o(.text.LCD_Blink)
    LCD_Clear                                0x00001b75   Thumb Code    36  lcd.o(.text.LCD_Clear)
    LCD_Delay                                0x00001b99   Thumb Code    10  lcd.o(.text.LCD_Delay)
    LCD_Handle_Cursor                        0x00001ba5   Thumb Code    70  lcd.o(.text.LCD_Handle_Cursor)
    LCD_Init                                 0x00001bed   Thumb Code   208  lcd.o(.text.LCD_Init)
    LCD_Set_Cursor_Position                  0x00001cbd   Thumb Code   146  lcd.o(.text.LCD_Set_Cursor_Position)
    LCD_Write_ADC_Value_of_Half              0x00001d51   Thumb Code    78  lcd.o(.text.LCD_Write_ADC_Value_of_Half)
    LCD_Write_Char                           0x00001da1   Thumb Code    80  lcd.o(.text.LCD_Write_Char)
    LCD_Write_Command                        0x00001df1   Thumb Code    76  lcd.o(.text.LCD_Write_Command)
    LCD_Write_Integer                        0x00001e3d   Thumb Code   148  lcd.o(.text.LCD_Write_Integer)
    LCD_Write_String                         0x00001ed1   Thumb Code    60  lcd.o(.text.LCD_Write_String)
    PendSV_Handler                           0x00001f11   Thumb Code   100  port.o(.text.PendSV_Handler)
    SVC_Handler                              0x00001f81   Thumb Code    36  port.o(.text.SVC_Handler)
    SysTick_Handler                          0x00001fa5   Thumb Code    60  port.o(.text.SysTick_Handler)
    SystemInit                               0x00001fe1   Thumb Code    18  system_tm4c123.o(.text.SystemInit)
    delay_m                                  0x0000204d   Thumb Code    62  lcd.o(.text.delay_m)
    delay_u                                  0x0000208d   Thumb Code    58  lcd.o(.text.delay_u)
    eTaskConfirmSleepModeStatus              0x000020c9   Thumb Code   128  tasks.o(.text.eTaskConfirmSleepModeStatus)
    init                                     0x00002149   Thumb Code   408  main.o(.text.init)
    main                                     0x000022e1   Thumb Code   498  main.o(.text.main)
    outChar                                  0x000024d5   Thumb Code    46  main.o(.text.outChar)
    prntStr                                  0x00002505   Thumb Code    46  main.o(.text.prntStr)
    pvPortMalloc                             0x00003431   Thumb Code   190  heap_1.o(.text.pvPortMalloc)
    pvTaskIncrementMutexHeldCount            0x000034f1   Thumb Code    44  tasks.o(.text.pvTaskIncrementMutexHeldCount)
    pxPortInitialiseStack                    0x0000351d   Thumb Code    94  port.o(.text.pxPortInitialiseStack)
    read2DigitInteger                        0x0000357d   Thumb Code    74  main.o(.text.read2DigitInteger)
    readChar                                 0x000035c9   Thumb Code    46  main.o(.text.readChar)
    uxListRemove                             0x000035f9   Thumb Code    72  list.o(.text.uxListRemove)
    vApplicationGetIdleTaskMemory            0x00003641   Thumb Code    42  main.o(.text.vApplicationGetIdleTaskMemory)
    vApplicationGetTimerTaskMemory           0x0000366d   Thumb Code    44  main.o(.text.vApplicationGetTimerTaskMemory)
    vListInitialise                          0x00003699   Thumb Code    46  list.o(.text.vListInitialise)
    vListInitialiseItem                      0x000036c9   Thumb Code    14  list.o(.text.vListInitialiseItem)
    vListInsert                              0x000036d9   Thumb Code   106  list.o(.text.vListInsert)
    vPortEnterCritical                       0x00003759   Thumb Code    86  port.o(.text.vPortEnterCritical)
    vPortExitCritical                        0x000037b1   Thumb Code    74  port.o(.text.vPortExitCritical)
    vPortFree                                0x000037fd   Thumb Code    36  heap_1.o(.text.vPortFree)
    vPortSetupTimerInterrupt                 0x00003821   Thumb Code   120  port.o(.text.vPortSetupTimerInterrupt)
    vPortSuppressTicksAndSleep               0x00003899   Thumb Code   524  port.o(.text.vPortSuppressTicksAndSleep)
    vPortValidateInterruptPriority           0x00003aa5   Thumb Code   132  port.o(.text.vPortValidateInterruptPriority)
    vQueueWaitForMessageRestricted           0x00003b29   Thumb Code   100  queue.o(.text.vQueueWaitForMessageRestricted)
    vTaskDelay                               0x00003b8d   Thumb Code   110  tasks.o(.text.vTaskDelay)
    vTaskInternalSetTimeOutState             0x00003bfd   Thumb Code    36  tasks.o(.text.vTaskInternalSetTimeOutState)
    vTaskMissedYield                         0x00003c21   Thumb Code    14  tasks.o(.text.vTaskMissedYield)
    vTaskPlaceOnEventList                    0x00003c31   Thumb Code    66  tasks.o(.text.vTaskPlaceOnEventList)
    vTaskPlaceOnEventListRestricted          0x00003c75   Thumb Code   124  tasks.o(.text.vTaskPlaceOnEventListRestricted)
    vTaskPriorityDisinheritAfterTimeout      0x00003cf1   Thumb Code   386  tasks.o(.text.vTaskPriorityDisinheritAfterTimeout)
    vTaskStartScheduler                      0x00003e75   Thumb Code   234  tasks.o(.text.vTaskStartScheduler)
    vTaskStepTick                            0x00003f61   Thumb Code    76  tasks.o(.text.vTaskStepTick)
    vTaskSuspendAll                          0x00003fad   Thumb Code    16  tasks.o(.text.vTaskSuspendAll)
    vTaskSwitchContext                       0x00003fbd   Thumb Code   190  tasks.o(.text.vTaskSwitchContext)
    xPortStartScheduler                      0x0000407d   Thumb Code   342  port.o(.text.xPortStartScheduler)
    xQueueGenericCreate                      0x000041d5   Thumb Code   162  queue.o(.text.xQueueGenericCreate)
    xQueueGenericCreateStatic                0x00004279   Thumb Code   200  queue.o(.text.xQueueGenericCreateStatic)
    xQueueGenericReset                       0x00004341   Thumb Code   264  queue.o(.text.xQueueGenericReset)
    xQueueGenericSend                        0x00004449   Thumb Code   628  queue.o(.text.xQueueGenericSend)
    xQueueGiveFromISR                        0x000046bd   Thumb Code   366  queue.o(.text.xQueueGiveFromISR)
    xQueueReceive                            0x0000482d   Thumb Code   476  queue.o(.text.xQueueReceive)
    xQueueSemaphoreTake                      0x00004a09   Thumb Code   556  queue.o(.text.xQueueSemaphoreTake)
    xTaskCheckForTimeOut                     0x00004c35   Thumb Code   252  tasks.o(.text.xTaskCheckForTimeOut)
    xTaskCreateStatic                        0x00004d31   Thumb Code   206  tasks.o(.text.xTaskCreateStatic)
    xTaskGetSchedulerState                   0x00004e01   Thumb Code    56  tasks.o(.text.xTaskGetSchedulerState)
    xTaskGetTickCount                        0x00004e39   Thumb Code    20  tasks.o(.text.xTaskGetTickCount)
    xTaskIncrementTick                       0x00004e4d   Thumb Code   608  tasks.o(.text.xTaskIncrementTick)
    xTaskPriorityDisinherit                  0x000050ad   Thumb Code   312  tasks.o(.text.xTaskPriorityDisinherit)
    xTaskPriorityInherit                     0x000051e5   Thumb Code   348  tasks.o(.text.xTaskPriorityInherit)
    xTaskRemoveFromEventList                 0x00005341   Thumb Code   402  tasks.o(.text.xTaskRemoveFromEventList)
    xTaskResumeAll                           0x000054d5   Thumb Code   546  tasks.o(.text.xTaskResumeAll)
    xTimerCreateTimerTask                    0x000056f9   Thumb Code   148  timers.o(.text.xTimerCreateTimerTask)
    _fp_init                                 0x0000578d   Thumb Code    26  fpinit.o(x$fpl$fpinit)
    __fplib_config_fpu_vfp                   0x000057a5   Thumb Code     0  fpinit.o(x$fpl$fpinit)
    __fplib_config_pureend_doubles           0x000057a5   Thumb Code     0  fpinit.o(x$fpl$fpinit)
    uxTopUsedPriority                        0x00005854   Data           4  tasks.o(.rodata.uxTopUsedPriority)
    Region$$Table$$Base                      0x00005858   Number         0  anon$$obj.o(Region$$Table)
    Region$$Table$$Limit                     0x00005878   Number         0  anon$$obj.o(Region$$Table)
    Critical_Heat                            0x20000000   Data           1  main.o(.data.Critical_Heat)
    LCD_Cursor                               0x20000001   Data           1  lcd.o(.data.LCD_Cursor)
    PORT_DIO_cfg                             0x20000002   Data          86  dio_config.o(.data.PORT_DIO_cfg)
    SystemCoreClock                          0x20000058   Data           4  system_tm4c123.o(.data.SystemCoreClock)
    portsStatus                              0x2000005c   Data           6  dio_config.o(.data.portsStatus)
    __libspace_start                         0x20000068   Data          96  libspace.o(.bss)
    Heater_Status                            0x200000c8   Data           1  main.o(.bss.Heater_Status)
    __temporary_stack_top$libspace           0x200000c8   Data           0  libspace.o(.bss)
    Stack1                                   0x200000cc   Data         512  main.o(.bss.Stack1)
    Stack2                                   0x200002cc   Data         512  main.o(.bss.Stack2)
    Stack3                                   0x200004cc   Data         512  main.o(.bss.Stack3)
    Stack4                                   0x200006cc   Data         512  main.o(.bss.Stack4)
    Stack5                                   0x200008cc   Data         512  main.o(.bss.Stack5)
    Stored_Temp                              0x20000acc   Data           1  main.o(.bss.Stored_Temp)
    pxCurrentTCB                             0x20000b7c   Data           4  tasks.o(.bss.pxCurrentTCB)
    xBinarySemaphoreActivate_ChangeCriticalHeat 0x200016f0   Data           4  main.o(.bss.xBinarySemaphoreActivate_ChangeCriticalHeat)
    xBinarySemaphoreActivate_DisplayTemp     0x200016f4   Data           4  main.o(.bss.xBinarySemaphoreActivate_DisplayTemp)
    xBinarySemaphoreActivate_TurnOffHeater   0x200016f8   Data           4  main.o(.bss.xBinarySemaphoreActivate_TurnOffHeater)
    xBinarySemaphoreActivate_TurnOnHeater    0x200016fc   Data           4  main.o(.bss.xBinarySemaphoreActivate_TurnOnHeater)
    xTaskBuffer1                             0x2000176c   Data          88  main.o(.bss.xTaskBuffer1)
    xTaskBuffer2                             0x200017c4   Data          88  main.o(.bss.xTaskBuffer2)
    xTaskBuffer3                             0x2000181c   Data          88  main.o(.bss.xTaskBuffer3)
    xTaskBuffer4                             0x20001874   Data          88  main.o(.bss.xTaskBuffer4)
    xTaskBuffer5                             0x200018cc   Data          88  main.o(.bss.xTaskBuffer5)



==============================================================================

Memory Map of the image

  Image Entry point : 0x0000030d

  Load Region LR_1 (Base: 0x00000000, Size: 0x000058e0, Max: 0xffffffff, ABSOLUTE)

    Execution Region ER_RO (Exec base: 0x00000000, Load base: 0x00000000, Size: 0x00005878, Max: 0xffffffff, ABSOLUTE)

    Exec Addr    Load Addr    Size         Type   Attr      Idx    E Section Name        Object

    0x00000000   0x00000000   0x0000026c   Data   RO          145    RESET               startup_tm4c123.o
    0x0000026c   0x0000026c   0x00000008   Code   RO          589  * !!!main             c_w.l(__main.o)
    0x00000274   0x00000274   0x00000034   Code   RO          756    !!!scatter          c_w.l(__scatter.o)
    0x000002a8   0x000002a8   0x0000001a   Code   RO          758    !!handler_copy      c_w.l(__scatter_copy.o)
    0x000002c2   0x000002c2   0x00000002   PAD
    0x000002c4   0x000002c4   0x0000001c   Code   RO          760    !!handler_zi        c_w.l(__scatter_zi.o)
    0x000002e0   0x000002e0   0x00000002   Code   RO          620    .ARM.Collect$$libinit$$00000000  c_w.l(libinit.o)
    0x000002e2   0x000002e2   0x00000004   Code   RO          626    .ARM.Collect$$libinit$$00000001  c_w.l(libinit2.o)
    0x000002e6   0x000002e6   0x00000000   Code   RO          629    .ARM.Collect$$libinit$$00000004  c_w.l(libinit2.o)
    0x000002e6   0x000002e6   0x00000000   Code   RO          632    .ARM.Collect$$libinit$$0000000A  c_w.l(libinit2.o)
    0x000002e6   0x000002e6   0x00000000   Code   RO          634    .ARM.Collect$$libinit$$0000000C  c_w.l(libinit2.o)
    0x000002e6   0x000002e6   0x00000000   Code   RO          636    .ARM.Collect$$libinit$$0000000E  c_w.l(libinit2.o)
    0x000002e6   0x000002e6   0x00000000   Code   RO          639    .ARM.Collect$$libinit$$00000011  c_w.l(libinit2.o)
    0x000002e6   0x000002e6   0x00000000   Code   RO          641    .ARM.Collect$$libinit$$00000013  c_w.l(libinit2.o)
    0x000002e6   0x000002e6   0x00000000   Code   RO          643    .ARM.Collect$$libinit$$00000015  c_w.l(libinit2.o)
    0x000002e6   0x000002e6   0x00000000   Code   RO          645    .ARM.Collect$$libinit$$00000017  c_w.l(libinit2.o)
    0x000002e6   0x000002e6   0x00000000   Code   RO          647    .ARM.Collect$$libinit$$00000019  c_w.l(libinit2.o)
    0x000002e6   0x000002e6   0x00000000   Code   RO          649    .ARM.Collect$$libinit$$0000001B  c_w.l(libinit2.o)
    0x000002e6   0x000002e6   0x00000000   Code   RO          651    .ARM.Collect$$libinit$$0000001D  c_w.l(libinit2.o)
    0x000002e6   0x000002e6   0x00000000   Code   RO          653    .ARM.Collect$$libinit$$0000001F  c_w.l(libinit2.o)
    0x000002e6   0x000002e6   0x00000000   Code   RO          655    .ARM.Collect$$libinit$$00000021  c_w.l(libinit2.o)
    0x000002e6   0x000002e6   0x00000000   Code   RO          657    .ARM.Collect$$libinit$$00000023  c_w.l(libinit2.o)
    0x000002e6   0x000002e6   0x00000000   Code   RO          659    .ARM.Collect$$libinit$$00000025  c_w.l(libinit2.o)
    0x000002e6   0x000002e6   0x00000000   Code   RO          663    .ARM.Collect$$libinit$$0000002C  c_w.l(libinit2.o)
    0x000002e6   0x000002e6   0x00000000   Code   RO          665    .ARM.Collect$$libinit$$0000002E  c_w.l(libinit2.o)
    0x000002e6   0x000002e6   0x00000000   Code   RO          667    .ARM.Collect$$libinit$$00000030  c_w.l(libinit2.o)
    0x000002e6   0x000002e6   0x00000000   Code   RO          669    .ARM.Collect$$libinit$$00000032  c_w.l(libinit2.o)
    0x000002e6   0x000002e6   0x00000002   Code   RO          670    .ARM.Collect$$libinit$$00000033  c_w.l(libinit2.o)
    0x000002e8   0x000002e8   0x00000002   Code   RO          692    .ARM.Collect$$libshutdown$$00000000  c_w.l(libshutdown.o)
    0x000002ea   0x000002ea   0x00000000   Code   RO          707    .ARM.Collect$$libshutdown$$00000002  c_w.l(libshutdown2.o)
    0x000002ea   0x000002ea   0x00000000   Code   RO          709    .ARM.Collect$$libshutdown$$00000004  c_w.l(libshutdown2.o)
    0x000002ea   0x000002ea   0x00000000   Code   RO          712    .ARM.Collect$$libshutdown$$00000007  c_w.l(libshutdown2.o)
    0x000002ea   0x000002ea   0x00000000   Code   RO          715    .ARM.Collect$$libshutdown$$0000000A  c_w.l(libshutdown2.o)
    0x000002ea   0x000002ea   0x00000000   Code   RO          717    .ARM.Collect$$libshutdown$$0000000C  c_w.l(libshutdown2.o)
    0x000002ea   0x000002ea   0x00000000   Code   RO          720    .ARM.Collect$$libshutdown$$0000000F  c_w.l(libshutdown2.o)
    0x000002ea   0x000002ea   0x00000002   Code   RO          721    .ARM.Collect$$libshutdown$$00000010  c_w.l(libshutdown2.o)
    0x000002ec   0x000002ec   0x00000000   Code   RO          591    .ARM.Collect$$rtentry$$00000000  c_w.l(__rtentry.o)
    0x000002ec   0x000002ec   0x00000000   Code   RO          597    .ARM.Collect$$rtentry$$00000002  c_w.l(__rtentry2.o)
    0x000002ec   0x000002ec   0x00000006   Code   RO          609    .ARM.Collect$$rtentry$$00000004  c_w.l(__rtentry4.o)
    0x000002f2   0x000002f2   0x00000000   Code   RO          599    .ARM.Collect$$rtentry$$00000009  c_w.l(__rtentry2.o)
    0x000002f2   0x000002f2   0x00000004   Code   RO          600    .ARM.Collect$$rtentry$$0000000A  c_w.l(__rtentry2.o)
    0x000002f6   0x000002f6   0x00000000   Code   RO          602    .ARM.Collect$$rtentry$$0000000C  c_w.l(__rtentry2.o)
    0x000002f6   0x000002f6   0x00000008   Code   RO          603    .ARM.Collect$$rtentry$$0000000D  c_w.l(__rtentry2.o)
    0x000002fe   0x000002fe   0x00000002   Code   RO          624    .ARM.Collect$$rtexit$$00000000  c_w.l(rtexit.o)
    0x00000300   0x00000300   0x00000000   Code   RO          672    .ARM.Collect$$rtexit$$00000002  c_w.l(rtexit2.o)
    0x00000300   0x00000300   0x00000004   Code   RO          673    .ARM.Collect$$rtexit$$00000003  c_w.l(rtexit2.o)
    0x00000304   0x00000304   0x00000006   Code   RO          674    .ARM.Collect$$rtexit$$00000004  c_w.l(rtexit2.o)
    0x0000030a   0x0000030a   0x00000002   PAD
    0x0000030c   0x0000030c   0x00000114   Code   RO          146  * .text               startup_tm4c123.o
    0x00000420   0x00000420   0x0000008a   Code   RO          583    .text               c_w.l(rt_memcpy_v6.o)
    0x000004aa   0x000004aa   0x00000010   Code   RO          585    .text               c_w.l(aeabi_memset4.o)
    0x000004ba   0x000004ba   0x00000006   Code   RO          587    .text               c_w.l(heapauxi.o)
    0x000004c0   0x000004c0   0x00000064   Code   RO          592    .text               c_w.l(rt_memcpy_w.o)
    0x00000524   0x00000524   0x0000004e   Code   RO          594    .text               c_w.l(rt_memclr_w.o)
    0x00000572   0x00000572   0x0000004a   Code   RO          611    .text               c_w.l(sys_stackheap_outer.o)
    0x000005bc   0x000005bc   0x00000012   Code   RO          613    .text               c_w.l(exit.o)
    0x000005ce   0x000005ce   0x00000002   PAD
    0x000005d0   0x000005d0   0x00000008   Code   RO          621    .text               c_w.l(libspace.o)
    0x000005d8   0x000005d8   0x0000000c   Code   RO          682    .text               c_w.l(sys_exit.o)
    0x000005e4   0x000005e4   0x00000002   Code   RO          697    .text               c_w.l(use_no_semi.o)
    0x000005e6   0x000005e6   0x00000000   Code   RO          699    .text               c_w.l(indicate_semi.o)
    0x000005e6   0x000005e6   0x00000002   PAD
    0x000005e8   0x000005e8   0x000000b4   Code   RO           84    .text.ADC0_init     adc.o
    0x0000069c   0x0000069c   0x0000004a   Code   RO           86    .text.ADC0_readChannel  adc.o
    0x000006e6   0x000006e6   0x00000002   PAD
    0x000006e8   0x000006e8   0x00000036   Code   RO           20    .text.Change_Critical_Heat  main.o
    0x0000071e   0x0000071e   0x00000002   PAD
    0x00000720   0x00000720   0x000000f2   Code   RO           26    .text.Check_Temp    main.o
    0x00000812   0x00000812   0x00000002   PAD
    0x00000814   0x00000814   0x00001270   Code   RO           60    .text.DIO_Init      dio.o
    0x00001a84   0x00001a84   0x0000005c   Code   RO           28    .text.Display_Temp  main.o
    0x00001ae0   0x00001ae0   0x0000004e   Code   RO           16    .text.GPIOF_Handler  main.o
    0x00001b2e   0x00001b2e   0x00000002   PAD
    0x00001b30   0x00001b30   0x00000042   Code   RO          127    .text.LCD_Blink     lcd.o
    0x00001b72   0x00001b72   0x00000002   PAD
    0x00001b74   0x00001b74   0x00000024   Code   RO          113    .text.LCD_Clear     lcd.o
    0x00001b98   0x00001b98   0x0000000a   Code   RO           99    .text.LCD_Delay     lcd.o
    0x00001ba2   0x00001ba2   0x00000002   PAD
    0x00001ba4   0x00001ba4   0x00000046   Code   RO          133    .text.LCD_Handle_Cursor  lcd.o
    0x00001bea   0x00001bea   0x00000002   PAD
    0x00001bec   0x00001bec   0x000000d0   Code   RO          101    .text.LCD_Init      lcd.o
    0x00001cbc   0x00001cbc   0x00000092   Code   RO          115    .text.LCD_Set_Cursor_Position  lcd.o
    0x00001d4e   0x00001d4e   0x00000002   PAD
    0x00001d50   0x00001d50   0x0000004e   Code   RO          109    .text.LCD_Write_ADC_Value_of_Half  lcd.o
    0x00001d9e   0x00001d9e   0x00000002   PAD
    0x00001da0   0x00001da0   0x00000050   Code   RO          105    .text.LCD_Write_Char  lcd.o
    0x00001df0   0x00001df0   0x0000004c   Code   RO          103    .text.LCD_Write_Command  lcd.o
    0x00001e3c   0x00001e3c   0x00000094   Code   RO          107    .text.LCD_Write_Integer  lcd.o
    0x00001ed0   0x00001ed0   0x0000003c   Code   RO          111    .text.LCD_Write_String  lcd.o
    0x00001f0c   0x00001f0c   0x00000004   PAD
    0x00001f10   0x00001f10   0x00000064   Code   RO          205    .text.PendSV_Handler  port.o
    0x00001f74   0x00001f74   0x0000000c   PAD
    0x00001f80   0x00001f80   0x00000024   Code   RO          189    .text.SVC_Handler   port.o
    0x00001fa4   0x00001fa4   0x0000003c   Code   RO          207    .text.SysTick_Handler  port.o
    0x00001fe0   0x00001fe0   0x00000012   Code   RO          157    .text.SystemInit    system_tm4c123.o
    0x00001ff2   0x00001ff2   0x00000002   PAD
    0x00001ff4   0x00001ff4   0x0000002c   Code   RO           22    .text.TurnOff_Heater  main.o
    0x00002020   0x00002020   0x0000002c   Code   RO           24    .text.TurnOn_Heater  main.o
    0x0000204c   0x0000204c   0x0000003e   Code   RO           95    .text.delay_m       lcd.o
    0x0000208a   0x0000208a   0x00000002   PAD
    0x0000208c   0x0000208c   0x0000003a   Code   RO           97    .text.delay_u       lcd.o
    0x000020c6   0x000020c6   0x00000002   PAD
    0x000020c8   0x000020c8   0x00000080   Code   RO          433    .text.eTaskConfirmSleepModeStatus  tasks.o
    0x00002148   0x00002148   0x00000198   Code   RO           14    .text.init          main.o
    0x000022e0   0x000022e0   0x000001f2   Code   RO           18    .text.main          main.o
    0x000024d2   0x000024d2   0x00000002   PAD
    0x000024d4   0x000024d4   0x0000002e   Code   RO            6    .text.outChar       main.o
    0x00002502   0x00002502   0x00000002   PAD
    0x00002504   0x00002504   0x0000002e   Code   RO            8    .text.prntStr       main.o
    0x00002532   0x00002532   0x00000002   PAD
    0x00002534   0x00002534   0x00000122   Code   RO          355    .text.prvAddCurrentTaskToDelayedList  tasks.o
    0x00002656   0x00002656   0x00000002   PAD
    0x00002658   0x00002658   0x00000154   Code   RO          341    .text.prvAddNewTaskToReadyList  tasks.o
    0x000027ac   0x000027ac   0x0000007e   Code   RO          509    .text.prvCheckForValidListAndQueue  timers.o
    0x0000282a   0x0000282a   0x00000002   PAD
    0x0000282c   0x0000282c   0x0000005a   Code   RO          473    .text.prvCheckTasksWaitingTermination  tasks.o
    0x00002886   0x00002886   0x00000002   PAD
    0x00002888   0x00002888   0x00000042   Code   RO          288    .text.prvCopyDataFromQueue  queue.o
    0x000028ca   0x000028ca   0x00000002   PAD
    0x000028cc   0x000028cc   0x000000cc   Code   RO          274    .text.prvCopyDataToQueue  queue.o
    0x00002998   0x00002998   0x0000005e   Code   RO          349    .text.prvDeleteTCB  tasks.o
    0x000029f6   0x000029f6   0x00000002   PAD
    0x000029f8   0x000029f8   0x00000026   Code   RO          292    .text.prvGetDisinheritPriorityAfterTimeout  queue.o
    0x00002a1e   0x00002a1e   0x00000002   PAD
    0x00002a20   0x00002a20   0x0000007c   Code   RO          475    .text.prvGetExpectedIdleTime  tasks.o
    0x00002a9c   0x00002a9c   0x00000040   Code   RO          547    .text.prvGetNextExpireTime  timers.o
    0x00002adc   0x00002adc   0x0000009a   Code   RO          381    .text.prvIdleTask   tasks.o
    0x00002b76   0x00002b76   0x00000002   PAD
    0x00002b78   0x00002b78   0x0000004e   Code   RO          248    .text.prvInitialiseNewQueue  queue.o
    0x00002bc6   0x00002bc6   0x00000002   PAD
    0x00002bc8   0x00002bc8   0x00000146   Code   RO          339    .text.prvInitialiseNewTask  tasks.o
    0x00002d0e   0x00002d0e   0x00000002   PAD
    0x00002d10   0x00002d10   0x0000008e   Code   RO          471    .text.prvInitialiseTaskLists  tasks.o
    0x00002d9e   0x00002d9e   0x00000002   PAD
    0x00002da0   0x00002da0   0x00000086   Code   RO          561    .text.prvInsertTimerInActiveList  timers.o
    0x00002e26   0x00002e26   0x00000002   PAD
    0x00002e28   0x00002e28   0x00000028   Code   RO          290    .text.prvIsQueueEmpty  queue.o
    0x00002e50   0x00002e50   0x0000002e   Code   RO          278    .text.prvIsQueueFull  queue.o
    0x00002e7e   0x00002e7e   0x00000002   PAD
    0x00002e80   0x00002e80   0x000000d8   Code   RO          276    .text.prvNotifyQueueSetContainer  queue.o
    0x00002f58   0x00002f58   0x00000028   Code   RO          197    .text.prvPortStartFirstTask  port.o
    0x00002f80   0x00002f80   0x00000054   Code   RO          555    .text.prvProcessExpiredTimer  timers.o
    0x00002fd4   0x00002fd4   0x00000180   Code   RO          551    .text.prvProcessReceivedCommands  timers.o
    0x00003154   0x00003154   0x0000009a   Code   RO          549    .text.prvProcessTimerOrBlockTask  timers.o
    0x000031ee   0x000031ee   0x00000002   PAD
    0x000031f0   0x000031f0   0x00000034   Code   RO          559    .text.prvReloadTimer  timers.o
    0x00003224   0x00003224   0x0000003c   Code   RO          347    .text.prvResetNextTaskUnblockTime  tasks.o
    0x00003260   0x00003260   0x00000044   Code   RO          553    .text.prvSampleTimeNow  timers.o
    0x000032a4   0x000032a4   0x00000052   Code   RO          557    .text.prvSwitchTimerLists  timers.o
    0x000032f6   0x000032f6   0x00000002   PAD
    0x000032f8   0x000032f8   0x0000004c   Code   RO          187    .text.prvTaskExitError  port.o
    0x00003344   0x00003344   0x0000001e   Code   RO          511    .text.prvTimerTask  timers.o
    0x00003362   0x00003362   0x00000002   PAD
    0x00003364   0x00003364   0x000000cc   Code   RO          280    .text.prvUnlockQueue  queue.o
    0x00003430   0x00003430   0x000000be   Code   RO          226    .text.pvPortMalloc  heap_1.o
    0x000034ee   0x000034ee   0x00000002   PAD
    0x000034f0   0x000034f0   0x0000002c   Code   RO          455    .text.pvTaskIncrementMutexHeldCount  tasks.o
    0x0000351c   0x0000351c   0x0000005e   Code   RO          185    .text.pxPortInitialiseStack  port.o
    0x0000357a   0x0000357a   0x00000002   PAD
    0x0000357c   0x0000357c   0x0000004a   Code   RO           12    .text.read2DigitInteger  main.o
    0x000035c6   0x000035c6   0x00000002   PAD
    0x000035c8   0x000035c8   0x0000002e   Code   RO           10    .text.readChar      main.o
    0x000035f6   0x000035f6   0x00000002   PAD
    0x000035f8   0x000035f8   0x00000048   Code   RO          176    .text.uxListRemove  list.o
    0x00003640   0x00003640   0x0000002a   Code   RO            2    .text.vApplicationGetIdleTaskMemory  main.o
    0x0000366a   0x0000366a   0x00000002   PAD
    0x0000366c   0x0000366c   0x0000002c   Code   RO            4    .text.vApplicationGetTimerTaskMemory  main.o
    0x00003698   0x00003698   0x0000002e   Code   RO          168    .text.vListInitialise  list.o
    0x000036c6   0x000036c6   0x00000002   PAD
    0x000036c8   0x000036c8   0x0000000e   Code   RO          170    .text.vListInitialiseItem  list.o
    0x000036d6   0x000036d6   0x00000002   PAD
    0x000036d8   0x000036d8   0x0000006a   Code   RO          174    .text.vListInsert   list.o
    0x00003742   0x00003742   0x00000002   PAD
    0x00003744   0x00003744   0x00000014   Code   RO          195    .text.vPortEnableVFP  port.o
    0x00003758   0x00003758   0x00000056   Code   RO          201    .text.vPortEnterCritical  port.o
    0x000037ae   0x000037ae   0x00000002   PAD
    0x000037b0   0x000037b0   0x0000004a   Code   RO          203    .text.vPortExitCritical  port.o
    0x000037fa   0x000037fa   0x00000002   PAD
    0x000037fc   0x000037fc   0x00000024   Code   RO          228    .text.vPortFree     heap_1.o
    0x00003820   0x00003820   0x00000078   Code   RO          193    .text.vPortSetupTimerInterrupt  port.o
    0x00003898   0x00003898   0x0000020c   Code   RO          209    .text.vPortSuppressTicksAndSleep  port.o
    0x00003aa4   0x00003aa4   0x00000084   Code   RO          211    .text.vPortValidateInterruptPriority  port.o
    0x00003b28   0x00003b28   0x00000064   Code   RO          318    .text.vQueueWaitForMessageRestricted  queue.o
    0x00003b8c   0x00003b8c   0x0000006e   Code   RO          359    .text.vTaskDelay    tasks.o
    0x00003bfa   0x00003bfa   0x00000002   PAD
    0x00003bfc   0x00003bfc   0x00000024   Code   RO          423    .text.vTaskInternalSetTimeOutState  tasks.o
    0x00003c20   0x00003c20   0x0000000e   Code   RO          427    .text.vTaskMissedYield  tasks.o
    0x00003c2e   0x00003c2e   0x00000002   PAD
    0x00003c30   0x00003c30   0x00000042   Code   RO          411    .text.vTaskPlaceOnEventList  tasks.o
    0x00003c72   0x00003c72   0x00000002   PAD
    0x00003c74   0x00003c74   0x0000007c   Code   RO          415    .text.vTaskPlaceOnEventListRestricted  tasks.o
    0x00003cf0   0x00003cf0   0x00000182   Code   RO          451    .text.vTaskPriorityDisinheritAfterTimeout  tasks.o
    0x00003e72   0x00003e72   0x00000002   PAD
    0x00003e74   0x00003e74   0x000000ea   Code   RO          379    .text.vTaskStartScheduler  tasks.o
    0x00003f5e   0x00003f5e   0x00000002   PAD
    0x00003f60   0x00003f60   0x0000004c   Code   RO          405    .text.vTaskStepTick  tasks.o
    0x00003fac   0x00003fac   0x00000010   Code   RO          353    .text.vTaskSuspendAll  tasks.o
    0x00003fbc   0x00003fbc   0x000000be   Code   RO          371    .text.vTaskSwitchContext  tasks.o
    0x0000407a   0x0000407a   0x00000002   PAD
    0x0000407c   0x0000407c   0x00000156   Code   RO          191    .text.xPortStartScheduler  port.o
    0x000041d2   0x000041d2   0x00000002   PAD
    0x000041d4   0x000041d4   0x000000a2   Code   RO          250    .text.xQueueGenericCreate  queue.o
    0x00004276   0x00004276   0x00000002   PAD
    0x00004278   0x00004278   0x000000c8   Code   RO          246    .text.xQueueGenericCreateStatic  queue.o
    0x00004340   0x00004340   0x00000108   Code   RO          244    .text.xQueueGenericReset  queue.o
    0x00004448   0x00004448   0x00000274   Code   RO          264    .text.xQueueGenericSend  queue.o
    0x000046bc   0x000046bc   0x0000016e   Code   RO          284    .text.xQueueGiveFromISR  queue.o
    0x0000482a   0x0000482a   0x00000002   PAD
    0x0000482c   0x0000482c   0x000001dc   Code   RO          286    .text.xQueueReceive  queue.o
    0x00004a08   0x00004a08   0x0000022c   Code   RO          268    .text.xQueueSemaphoreTake  queue.o
    0x00004c34   0x00004c34   0x000000fc   Code   RO          425    .text.xTaskCheckForTimeOut  tasks.o
    0x00004d30   0x00004d30   0x000000ce   Code   RO          337    .text.xTaskCreateStatic  tasks.o
    0x00004dfe   0x00004dfe   0x00000002   PAD
    0x00004e00   0x00004e00   0x00000038   Code   RO          445    .text.xTaskGetSchedulerState  tasks.o
    0x00004e38   0x00004e38   0x00000014   Code   RO          387    .text.xTaskGetTickCount  tasks.o
    0x00004e4c   0x00004e4c   0x00000260   Code   RO          385    .text.xTaskIncrementTick  tasks.o
    0x000050ac   0x000050ac   0x00000138   Code   RO          449    .text.xTaskPriorityDisinherit  tasks.o
    0x000051e4   0x000051e4   0x0000015c   Code   RO          447    .text.xTaskPriorityInherit  tasks.o
    0x00005340   0x00005340   0x00000192   Code   RO          417    .text.xTaskRemoveFromEventList  tasks.o
    0x000054d2   0x000054d2   0x00000002   PAD
    0x000054d4   0x000054d4   0x00000222   Code   RO          357    .text.xTaskResumeAll  tasks.o
    0x000056f6   0x000056f6   0x00000002   PAD
    0x000056f8   0x000056f8   0x00000094   Code   RO          507    .text.xTimerCreateTimerTask  timers.o
    0x0000578c   0x0000578c   0x0000001a   Code   RO          680    x$fpl$fpinit        fz_wm.l(fpinit.o)
    0x000057a6   0x000057a6   0x0000009b   Data   RO           37    .rodata.str1.1      main.o
    0x00005841   0x00005841   0x00000006   Data   RO          136    .rodata.str1.1      lcd.o
    0x00005847   0x00005847   0x00000005   Data   RO          493    .rodata.str1.1      tasks.o
    0x0000584c   0x0000584c   0x00000008   Data   RO          564    .rodata.str1.1      timers.o
    0x00005854   0x00005854   0x00000004   Data   RO          478    .rodata.uxTopUsedPriority  tasks.o
    0x00005858   0x00005858   0x00000020   Data   RO          755    Region$$Table       anon$$obj.o


    Execution Region ER_RW (Exec base: 0x20000000, Load base: 0x00005878, Size: 0x00000068, Max: 0xffffffff, ABSOLUTE)

    Exec Addr    Load Addr    Size         Type   Attr      Idx    E Section Name        Object

    0x20000000   0x00005878   0x00000001   Data   RW           31    .data.Critical_Heat  main.o
    0x20000001   0x00005879   0x00000001   Data   RW          135    .data.LCD_Cursor    lcd.o
    0x20000002   0x0000587a   0x00000056   Data   RW           78    .data.PORT_DIO_cfg  dio_config.o
    0x20000058   0x000058d0   0x00000004   Data   RW          159    .data.SystemCoreClock  system_tm4c123.o
    0x2000005c   0x000058d4   0x00000006   Data   RW           77    .data.portsStatus   dio_config.o
    0x20000062   0x000058da   0x00000002   PAD
    0x20000064   0x000058dc   0x00000004   Data   RW          215    .data.uxCriticalNesting  port.o


    Execution Region ER_ZI (Exec base: 0x20000068, Load base: 0x000058e0, Size: 0x00001ae0, Max: 0xffffffff, ABSOLUTE)

    Exec Addr    Load Addr    Size         Type   Attr      Idx    E Section Name        Object

    0x20000068        -       0x00000060   Zero   RW          622    .bss                c_w.l(libspace.o)
    0x200000c8        -       0x00000001   Zero   RW           30    .bss.Heater_Status  main.o
    0x200000c9   0x000058e0   0x00000003   PAD
    0x200000cc        -       0x00000200   Zero   RW           44    .bss.Stack1         main.o
    0x200002cc        -       0x00000200   Zero   RW           46    .bss.Stack2         main.o
    0x200004cc        -       0x00000200   Zero   RW           40    .bss.Stack3         main.o
    0x200006cc        -       0x00000200   Zero   RW           42    .bss.Stack4         main.o
    0x200008cc        -       0x00000200   Zero   RW           38    .bss.Stack5         main.o
    0x20000acc        -       0x00000001   Zero   RW           51    .bss.Stored_Temp    main.o
    0x20000acd        -       0x00000050   Zero   RW          572    .bss.prvCheckForValidListAndQueue.ucStaticTimerQueueStorage  timers.o
    0x20000b1d   0x000058e0   0x00000003   PAD
    0x20000b20        -       0x00000054   Zero   RW          571    .bss.prvCheckForValidListAndQueue.xStaticTimerQueue  timers.o
    0x20000b74        -       0x00000004   Zero   RW          568    .bss.prvSampleTimeNow.xLastTime  timers.o
    0x20000b78        -       0x00000004   Zero   RW          234    .bss.pvPortMalloc.pucAlignedHeap  heap_1.o
    0x20000b7c        -       0x00000004   Zero   RW          477    .bss.pxCurrentTCB   tasks.o
    0x20000b80        -       0x00000004   Zero   RW          566    .bss.pxCurrentTimerList  timers.o
    0x20000b84        -       0x00000004   Zero   RW          488    .bss.pxDelayedTaskList  tasks.o
    0x20000b88        -       0x00000004   Zero   RW          489    .bss.pxOverflowDelayedTaskList  tasks.o
    0x20000b8c        -       0x00000004   Zero   RW          567    .bss.pxOverflowTimerList  timers.o
    0x20000b90        -       0x00000064   Zero   RW          479    .bss.pxReadyTasksLists  tasks.o
    0x20000bf4        -       0x00000400   Zero   RW          235    .bss.ucHeap         heap_1.o
    0x20000ff4        -       0x00000001   Zero   RW          213    .bss.ucMaxSysCallPriority  port.o
    0x20000ff5   0x000058e0   0x00000003   PAD
    0x20000ff8        -       0x00000004   Zero   RW          214    .bss.ulMaxPRIGROUPValue  port.o
    0x20000ffc        -       0x00000004   Zero   RW          218    .bss.ulStoppedTimerCompensation  port.o
    0x20001000        -       0x00000004   Zero   RW          217    .bss.ulTimerCountsForOneTick  port.o
    0x20001004        -       0x00000004   Zero   RW          484    .bss.uxCurrentNumberOfTasks  tasks.o
    0x20001008        -       0x00000004   Zero   RW          483    .bss.uxDeletedTasksWaitingCleanUp  tasks.o
    0x2000100c        -       0x00000004   Zero   RW          486    .bss.uxSchedulerSuspended  tasks.o
    0x20001010        -       0x00000004   Zero   RW          481    .bss.uxTaskNumber   tasks.o
    0x20001014        -       0x00000004   Zero   RW          480    .bss.uxTopReadyPriority  tasks.o
    0x20001018        -       0x00000200   Zero   RW           33    .bss.vApplicationGetIdleTaskMemory.uxIdleTaskStack  main.o
    0x20001218        -       0x00000058   Zero   RW           32    .bss.vApplicationGetIdleTaskMemory.xIdleTaskTCB  main.o
    0x20001270        -       0x00000400   Zero   RW           35    .bss.vApplicationGetTimerTaskMemory.uxTimerTaskStack  main.o
    0x20001670        -       0x00000058   Zero   RW           34    .bss.vApplicationGetTimerTaskMemory.xTimerTaskTCB  main.o
    0x200016c8        -       0x00000014   Zero   RW          569    .bss.xActiveTimerList1  timers.o
    0x200016dc        -       0x00000014   Zero   RW          570    .bss.xActiveTimerList2  timers.o
    0x200016f0        -       0x00000004   Zero   RW           36    .bss.xBinarySemaphoreActivate_ChangeCriticalHeat  main.o
    0x200016f4        -       0x00000004   Zero   RW           50    .bss.xBinarySemaphoreActivate_DisplayTemp  main.o
    0x200016f8        -       0x00000004   Zero   RW           48    .bss.xBinarySemaphoreActivate_TurnOffHeater  main.o
    0x200016fc        -       0x00000004   Zero   RW           49    .bss.xBinarySemaphoreActivate_TurnOnHeater  main.o
    0x20001700        -       0x00000014   Zero   RW          498    .bss.xDelayedTaskList1  tasks.o
    0x20001714        -       0x00000014   Zero   RW          499    .bss.xDelayedTaskList2  tasks.o
    0x20001728        -       0x00000004   Zero   RW          494    .bss.xIdleTaskHandle  tasks.o
    0x2000172c        -       0x00000004   Zero   RW          216    .bss.xMaximumPossibleSuppressedTicks  port.o
    0x20001730        -       0x00000004   Zero   RW          236    .bss.xNextFreeByte  heap_1.o
    0x20001734        -       0x00000004   Zero   RW          495    .bss.xNextTaskUnblockTime  tasks.o
    0x20001738        -       0x00000004   Zero   RW          497    .bss.xNumOfOverflows  tasks.o
    0x2000173c        -       0x00000004   Zero   RW          496    .bss.xPendedTicks   tasks.o
    0x20001740        -       0x00000014   Zero   RW          492    .bss.xPendingReadyList  tasks.o
    0x20001754        -       0x00000004   Zero   RW          485    .bss.xSchedulerRunning  tasks.o
    0x20001758        -       0x00000014   Zero   RW          490    .bss.xSuspendedTaskList  tasks.o
    0x2000176c        -       0x00000058   Zero   RW           45    .bss.xTaskBuffer1   main.o
    0x200017c4        -       0x00000058   Zero   RW           47    .bss.xTaskBuffer2   main.o
    0x2000181c        -       0x00000058   Zero   RW           41    .bss.xTaskBuffer3   main.o
    0x20001874        -       0x00000058   Zero   RW           43    .bss.xTaskBuffer4   main.o
    0x200018cc        -       0x00000058   Zero   RW           39    .bss.xTaskBuffer5   main.o
    0x20001924        -       0x00000014   Zero   RW          482    .bss.xTasksWaitingTermination  tasks.o
    0x20001938        -       0x00000004   Zero   RW          487    .bss.xTickCount     tasks.o
    0x2000193c        -       0x00000004   Zero   RW          563    .bss.xTimerQueue    timers.o
    0x20001940        -       0x00000004   Zero   RW          565    .bss.xTimerTaskHandle  timers.o
    0x20001944        -       0x00000004   Zero   RW          491    .bss.xYieldPending  tasks.o
    0x20001948        -       0x00000000   Zero   RW          144    HEAP                startup_tm4c123.o
    0x20001948        -       0x00000200   Zero   RW          143    STACK               startup_tm4c123.o


==============================================================================

Image component sizes


      Code (inc. data)   RO Data    RW Data    ZI Data      Debug   Object Name

       254          0          0          0          0        763   adc.o
      4720         12          0          0          0       4030   dio.o
         0          0          0         92          0       1321   dio_config.o
       226          0          0          0       1032       1745   heap_1.o
      1098          0          6          1          0       3768   lcd.o
       238          0          0          0          0       2345   list.o
      1758          0        155          1       4730       5631   main.o
      1704         16          0          4         17       4879   port.o
      3644          0          0          0          0      18735   queue.o
       276         24        620          0        512       5464   startup_tm4c123.o
        18          0          0          4          0       6620   system_tm4c123.o
      5794          0          9          0        260      28523   tasks.o
      1326         10          8          0        224      11492   timers.o

    ----------------------------------------------------------------------
     21176         74        830        104       6784      95316   Object Totals
         0          0         32          0          0          0   (incl. Generated)
       120         12          0          2          9          0   (incl. Padding)

    ----------------------------------------------------------------------

      Code (inc. data)   RO Data    RW Data    ZI Data      Debug   Library Member Name

         8          0          0          0          0         68   __main.o
         0          0          0          0          0          0   __rtentry.o
        12          0          0          0          0          0   __rtentry2.o
         6          0          0          0          0          0   __rtentry4.o
        52          8          0          0          0          0   __scatter.o
        26          0          0          0          0          0   __scatter_copy.o
        28          0          0          0          0          0   __scatter_zi.o
        16          0          0          0          0         68   aeabi_memset4.o
        18          0          0          0          0         80   exit.o
         6          0          0          0          0        152   heapauxi.o
         0          0          0          0          0          0   indicate_semi.o
         2          0          0          0          0          0   libinit.o
         6          0          0          0          0          0   libinit2.o
         2          0          0          0          0          0   libshutdown.o
         2          0          0          0          0          0   libshutdown2.o
         8          4          0          0         96         68   libspace.o
        78          0          0          0          0         80   rt_memclr_w.o
       138          0          0          0          0         68   rt_memcpy_v6.o
       100          0          0          0          0         80   rt_memcpy_w.o
         2          0          0          0          0          0   rtexit.o
        10          0          0          0          0          0   rtexit2.o
        12          4          0          0          0         68   sys_exit.o
        74          0          0          0          0         80   sys_stackheap_outer.o
         2          0          0          0          0         68   use_no_semi.o
        26          0          0          0          0        116   fpinit.o

    ----------------------------------------------------------------------
       642         16          0          0         96        996   Library Totals
         8          0          0          0          0          0   (incl. Padding)

    ----------------------------------------------------------------------

      Code (inc. data)   RO Data    RW Data    ZI Data      Debug   Library Name

       608         16          0          0         96        880   c_w.l
        26          0          0          0          0        116   fz_wm.l

    ----------------------------------------------------------------------
       642         16          0          0         96        996   Library Totals

    ----------------------------------------------------------------------

==============================================================================


      Code (inc. data)   RO Data    RW Data    ZI Data      Debug   

     21818         90        830        104       6880      95748   Grand Totals
     21818         90        830        104       6880      95748   ELF Image Totals
     21818         90        830        104          0          0   ROM Totals

==============================================================================

    Total RO  Size (Code + RO Data)                22648 (  22.12kB)
    Total RW  Size (RW Data + ZI Data)              6984 (   6.82kB)
    Total ROM Size (Code + RO Data + RW Data)      22752 (  22.22kB)

==============================================================================

